D|axiom|KADecl.Mix|u,v|(sort (max (p u) (p v)))|-
D|definition:regular:0|KADecl.IdReg|u|(pi E (sort (p u)) (pi E (b 0) (b 1)))|(lam E (sort (p u)) (lam E (b 0) (b 0)))
D|definition:abbrev|KADecl.IdAbb|u|(pi E (sort (p u)) (pi E (b 0) (b 1)))|(lam E (sort (p u)) (lam E (b 0) (b 0)))
D|opaque|KADecl.IdOpaque|u|(pi E (sort (p u)) (pi E (b 0) (b 1)))|-
D|axiom|KADecl.P||(sort 0)|-
D|axiom|KADecl.p||(c KADecl.P [])|-
D|theorem|KADecl.Thm||(c KADecl.P [])|-
I|0|(sort (s 0))
I|1|(sort (s (s (s (s (s (s 0)))))))
I|2|(sort (s (s (s (s 0)))))
I|3|(sort (s (s (s 0))))
I|4|(sort (s (s (s (s 0)))))
I|5|(sort (s (s (s (s (s 0))))))
I|6|(sort (s (s (s 0))))
I|7|(sort (s 0))
I|8|(sort (s (s (s (s (s (s 0)))))))
I|9|(sort (s (s (s (s 0)))))
I|10|(sort (s (s (s (s 0)))))
I|11|(sort (s (s (s (s (s 0))))))
I|12|(sort (s (s (s (s (s 0))))))
I|13|(sort (s (s (s 0))))
I|14|(sort (s (s 0)))
I|15|(sort (s (s (s (s (s (s 0)))))))
I|16|(sort (s (s (s (s 0)))))
I|17|(sort (s (s (s (s (s 0))))))
I|18|(sort 0)
I|19|(sort (s (s (s (s (s 0))))))
I|20|(sort (s (s (s 0))))
I|21|(sort (s (s (s 0))))
I|22|(sort (s (s (s (s (s (s 0)))))))
I|23|(sort (s (s (s (s (s 0))))))
I|24|(sort (s (s 0)))
I|25|(sort (s 0))
I|26|(sort (s (s (s (s (s 0))))))
I|27|(sort (s (s (s 0))))
I|28|(sort (s (s (s (s 0)))))
I|29|(sort (s (s (s (s (s (s 0)))))))
I|30|(sort (s (s (s (s 0)))))
I|31|(sort (s (s 0)))
I|32|(sort (s (s 0)))
I|33|(sort (s (s (s (s (s 0))))))
I|34|(sort (s (s (s (s 0)))))
I|35|(sort (s (s (s (s (s 0))))))
I|36|(sort (s (s (s (s (s (s 0)))))))
I|37|(sort (s (s (s (s 0)))))
I|38|(sort (s (s 0)))
I|39|(sort (s (s (s 0))))
I|40|(sort (s (s (s (s (s 0))))))
I|41|(sort (s (s (s (s (s 0))))))
I|42|(sort (s 0))
I|43|(sort (s (s (s (s (s (s 0)))))))
I|44|(sort (s (s (s (s 0)))))
I|45|(sort (s (s (s 0))))
I|46|(sort (s (s (s (s 0)))))
I|47|(sort (s (s (s (s (s 0))))))
I|48|(sort (s (s (s 0))))
I|49|(sort (s 0))
I|50|(sort (s (s (s (s (s (s 0)))))))
I|51|(sort (s (s (s (s 0)))))
I|52|(sort (s (s (s (s 0)))))
I|53|(sort (s (s (s (s (s 0))))))
I|54|(sort (s (s (s (s (s 0))))))
I|55|(sort (s (s (s 0))))
I|56|(sort (s (s 0)))
I|57|(sort (s (s (s (s (s (s 0)))))))
I|58|(sort (s (s (s (s 0)))))
I|59|(sort (s (s (s (s (s 0))))))
I|60|(sort 0)
I|61|(sort (s (s (s (s (s 0))))))
I|62|(sort (s (s (s 0))))
I|63|(sort (s (s (s 0))))
I|64|(sort (s (s (s (s (s (s 0)))))))
I|65|(sort (s (s (s (s (s 0))))))
I|66|(sort (s (s 0)))
I|67|(sort (s 0))
I|68|(sort (s (s (s (s (s 0))))))
I|69|(sort (s (s (s 0))))
I|70|(sort (s (s (s (s 0)))))
I|71|(sort (s (s (s (s (s (s 0)))))))
I|72|(sort (s (s (s (s 0)))))
I|73|(sort (s (s 0)))
I|74|(sort (s (s 0)))
I|75|(sort (s (s (s (s (s 0))))))
I|76|(sort (s (s (s (s 0)))))
I|77|(sort (s (s (s (s (s 0))))))
I|78|(sort (s (s (s (s (s (s 0)))))))
I|79|(sort (s (s (s (s 0)))))
I|80|(sort (s (s 0)))
I|81|(sort (s (s (s 0))))
I|82|(sort (s (s (s (s (s 0))))))
I|83|(sort (s (s (s (s (s 0))))))
I|84|(sort (s 0))
I|85|(sort (s (s (s (s (s (s 0)))))))
I|86|(sort (s (s (s (s 0)))))
I|87|(sort (s (s (s 0))))
I|88|(sort (s (s (s (s 0)))))
I|89|(sort (s (s (s (s (s 0))))))
I|90|(sort (s (s (s 0))))
I|91|(sort (s 0))
I|92|(sort (s (s (s (s (s (s 0)))))))
I|93|(sort (s (s (s (s 0)))))
I|94|(sort (s (s (s (s 0)))))
I|95|(sort (s (s (s (s (s 0))))))
I|96|(sort (s (s (s (s (s 0))))))
I|97|(sort (s (s (s 0))))
I|98|(sort (s (s 0)))
I|99|(sort (s (s (s (s (s (s 0)))))))
I|100|(sort (s (s (s (s 0)))))
I|101|(sort (s (s (s (s (s 0))))))
I|102|(sort 0)
I|103|(sort (s (s (s (s (s 0))))))
I|104|(sort (s (s (s 0))))
I|105|(sort (s (s (s 0))))
I|106|(sort (s (s (s (s (s (s 0)))))))
I|107|(sort (s (s (s (s (s 0))))))
I|108|(sort (s (s 0)))
I|109|(sort (s 0))
I|110|(sort (s (s (s (s (s 0))))))
I|111|(sort (s (s (s 0))))
I|112|(sort (s (s (s (s 0)))))
I|113|(sort (s (s (s (s (s (s 0)))))))
I|114|(sort (s (s (s (s 0)))))
I|115|(sort (s (s 0)))
I|116|(sort (s (s 0)))
I|117|(sort (s (s (s (s (s 0))))))
I|118|(sort (s (s (s (s 0)))))
I|119|(sort (s (s (s (s (s 0))))))
I|120|(sort (s (s (s (s (s (s 0)))))))
I|121|(sort (s (s (s (s 0)))))
I|122|(sort (s (s 0)))
I|123|(sort (s (s (s 0))))
I|124|(sort (s (s (s (s (s 0))))))
I|125|(sort (s (s (s (s (s 0))))))
I|126|(sort (s 0))
I|127|(sort (s (s (s (s (s (s 0)))))))
I|128|(sort (s (s (s (s 0)))))
I|129|(sort (s (s (s 0))))
I|130|(sort (s (s (s (s 0)))))
I|131|(sort (s (s (s (s (s 0))))))
I|132|(sort (s (s (s 0))))
I|133|(sort (s 0))
I|134|(sort (s (s (s (s (s (s 0)))))))
I|135|(sort (s (s (s (s 0)))))
I|136|(sort (s (s (s (s 0)))))
I|137|(sort (s (s (s (s (s 0))))))
I|138|(sort (s (s (s (s (s 0))))))
I|139|(sort (s (s (s 0))))
I|140|(sort (s (s 0)))
I|141|(sort (s (s (s (s (s (s 0)))))))
I|142|(sort (s (s (s (s 0)))))
I|143|(sort (s (s (s (s (s 0))))))
I|144|(sort 0)
I|145|(sort (s (s (s (s (s 0))))))
I|146|(sort (s (s (s 0))))
I|147|(sort (s (s (s 0))))
I|148|(sort (s (s (s (s (s (s 0)))))))
I|149|(sort (s (s (s (s (s 0))))))
I|150|(sort (s (s 0)))
I|151|(sort (s 0))
I|152|(sort (s (s (s (s (s 0))))))
I|153|(sort (s (s (s 0))))
I|154|(sort (s (s (s (s 0)))))
I|155|(sort (s (s (s (s (s (s 0)))))))
I|156|(sort (s (s (s (s 0)))))
I|157|(sort (s (s 0)))
I|158|(sort (s (s 0)))
I|159|(sort (s (s (s (s (s 0))))))
I|160|(sort (s (s (s (s 0)))))
I|161|(sort (s (s (s (s (s 0))))))
I|162|(sort (s (s (s (s (s (s 0)))))))
I|163|(sort (s (s (s (s 0)))))
I|164|(sort (s (s 0)))
I|165|(sort (s (s (s 0))))
I|166|(sort (s (s (s (s (s 0))))))
I|167|(sort (s (s (s (s (s 0))))))
I|168|(sort (s 0))
I|169|(sort (s (s (s (s (s (s 0)))))))
I|170|(sort (s (s (s (s 0)))))
I|171|(sort (s (s (s 0))))
I|172|(sort (s (s (s (s 0)))))
I|173|(sort (s (s (s (s (s 0))))))
I|174|(sort (s (s (s 0))))
I|175|(sort (s 0))
I|176|(sort (s (s (s (s (s (s 0)))))))
I|177|(sort (s (s (s (s 0)))))
I|178|(sort (s (s (s (s 0)))))
I|179|(sort (s (s (s (s (s 0))))))
I|180|(sort (s (s (s (s (s 0))))))
I|181|(sort (s (s (s 0))))
I|182|(sort (s (s 0)))
I|183|(sort (s (s (s (s (s (s 0)))))))
I|184|(sort (s (s (s (s 0)))))
I|185|(sort (s (s (s (s (s 0))))))
I|186|(sort 0)
I|187|(sort (s (s (s (s (s 0))))))
I|188|(sort (s (s (s 0))))
I|189|(sort (s (s (s 0))))
I|190|(sort (s (s (s (s (s (s 0)))))))
I|191|(sort (s (s (s (s (s 0))))))
I|192|(sort (s (s 0)))
I|193|(sort (s 0))
I|194|(sort (s (s (s (s (s 0))))))
I|195|(sort (s (s (s 0))))
I|196|(sort (s (s (s (s 0)))))
I|197|(sort (s (s (s (s (s (s 0)))))))
I|198|(sort (s (s (s (s 0)))))
I|199|(sort (s (s 0)))
I|200|(sort (s (s 0)))
I|201|(sort (s (s (s (s (s 0))))))
I|202|(sort (s (s (s (s 0)))))
I|203|(sort (s (s (s (s (s 0))))))
I|204|(sort (s (s (s (s (s (s 0)))))))
I|205|(sort (s (s (s (s 0)))))
I|206|(sort (s (s 0)))
I|207|(sort (s (s (s 0))))
I|208|(sort (s (s (s (s (s 0))))))
I|209|(sort (s (s (s (s (s 0))))))
I|210|(sort (s 0))
I|211|(sort (s (s (s (s (s (s 0)))))))
I|212|(sort (s (s (s (s 0)))))
I|213|(sort (s (s (s 0))))
I|214|(sort (s (s (s (s 0)))))
I|215|(sort (s (s (s (s (s 0))))))
I|216|(sort (s (s (s 0))))
I|217|(sort (s 0))
I|218|(sort (s (s (s (s (s (s 0)))))))
I|219|(sort (s (s (s (s 0)))))
I|220|(sort (s (s (s (s 0)))))
I|221|(sort (s (s (s (s (s 0))))))
I|222|(sort (s (s (s (s (s 0))))))
I|223|(sort (s (s (s 0))))
I|224|(sort (s (s 0)))
I|225|(sort (s (s (s (s (s (s 0)))))))
I|226|(sort (s (s (s (s 0)))))
I|227|(sort (s (s (s (s (s 0))))))
I|228|(sort 0)
I|229|(sort (s (s (s (s (s 0))))))
I|230|(sort (s (s (s 0))))
I|231|(sort (s (s (s 0))))
I|232|(sort (s (s (s (s (s (s 0)))))))
I|233|(sort (s (s (s (s (s 0))))))
I|234|(sort (s (s 0)))
I|235|(sort (s 0))
I|236|(sort (s (s (s (s (s 0))))))
I|237|(sort (s (s (s 0))))
I|238|(sort (s (s (s (s 0)))))
I|239|(sort (s (s (s (s (s (s 0)))))))
I|240|(sort (s (s (s (s 0)))))
I|241|(sort (s (s 0)))
I|242|(sort (s (s 0)))
I|243|(sort (s (s (s (s (s 0))))))
I|244|(sort (s (s (s (s 0)))))
I|245|(sort (s (s (s (s (s 0))))))
I|246|(sort (s (s (s (s (s (s 0)))))))
I|247|(sort (s (s (s (s 0)))))
I|248|(sort (s (s 0)))
I|249|(sort (s (s (s 0))))
I|250|(sort (s (s (s (s (s 0))))))
I|251|(sort (s (s (s (s (s 0))))))
I|252|(sort (s 0))
I|253|(sort (s (s (s (s (s (s 0)))))))
I|254|(sort (s (s (s (s 0)))))
I|255|(sort (s (s (s 0))))
I|256|(sort (s (s (s (s 0)))))
I|257|(sort (s (s (s (s (s 0))))))
I|258|(sort (s (s (s 0))))
I|259|(sort (s 0))
I|260|(sort (s (s (s (s (s (s 0)))))))
I|261|(sort (s (s (s (s 0)))))
I|262|(sort (s (s (s (s 0)))))
I|263|(sort (s (s (s (s (s 0))))))
I|264|(sort (s (s (s (s (s 0))))))
I|265|(sort (s (s (s 0))))
I|266|(sort (s (s 0)))
I|267|(sort (s (s (s (s (s (s 0)))))))
I|268|(sort (s (s (s (s 0)))))
I|269|(sort (s (s (s (s (s 0))))))
I|270|(sort 0)
I|271|(sort (s (s (s (s (s 0))))))
I|272|(sort (s (s (s 0))))
I|273|(sort (s (s (s 0))))
I|274|(sort (s (s (s (s (s (s 0)))))))
I|275|(sort (s (s (s (s (s 0))))))
I|276|(sort (s (s 0)))
I|277|(sort (s 0))
I|278|(sort (s (s (s (s (s 0))))))
I|279|(sort (s (s (s 0))))
I|280|(sort (s (s (s (s 0)))))
I|281|(sort (s (s (s (s (s (s 0)))))))
I|282|(sort (s (s (s (s 0)))))
I|283|(sort (s (s 0)))
I|284|(sort (s (s 0)))
I|285|(sort (s (s (s (s (s 0))))))
I|286|(sort (s (s (s (s 0)))))
I|287|(sort (s (s (s (s (s 0))))))
I|288|(sort (s (s (s (s (s (s 0)))))))
I|289|(sort (s (s (s (s 0)))))
I|290|(sort (s (s 0)))
I|291|(sort (s (s (s 0))))
I|292|(sort (s (s (s (s (s 0))))))
I|293|(sort (s (s (s (s (s 0))))))
I|294|(sort (s 0))
I|295|(sort (s (s (s (s (s (s 0)))))))
I|296|(sort (s (s (s (s 0)))))
I|297|(sort (s (s (s 0))))
I|298|(sort (s (s (s (s 0)))))
I|299|(sort (s (s (s (s (s 0))))))
I|300|(sort (s (s (s 0))))
I|301|(sort (s 0))
I|302|(sort (s (s (s (s (s (s 0)))))))
I|303|(sort (s (s (s (s 0)))))
I|304|(sort (s (s (s (s 0)))))
I|305|(sort (s (s (s (s (s 0))))))
I|306|(sort (s (s (s (s (s 0))))))
I|307|(sort (s (s (s 0))))
I|308|(sort (s (s 0)))
I|309|(sort (s (s (s (s (s (s 0)))))))
I|310|(sort (s (s (s (s 0)))))
I|311|(sort (s (s (s (s (s 0))))))
I|312|(sort 0)
I|313|(sort (s (s (s (s (s 0))))))
I|314|(sort (s (s (s 0))))
I|315|(sort (s (s (s 0))))
I|316|(sort (s (s (s (s (s (s 0)))))))
I|317|(sort (s (s (s (s (s 0))))))
I|318|(sort (s (s 0)))
I|319|(sort (s 0))
I|320|(sort (s (s (s (s (s 0))))))
I|321|(sort (s (s (s 0))))
I|322|(sort (s (s (s (s 0)))))
I|323|(sort (s (s (s (s (s (s 0)))))))
I|324|(sort (s (s (s (s 0)))))
I|325|(sort (s (s 0)))
I|326|(sort (s (s 0)))
I|327|(sort (s (s (s (s (s 0))))))
I|328|(sort (s (s (s (s 0)))))
I|329|(sort (s (s (s (s (s 0))))))
I|330|(sort (s (s (s (s (s (s 0)))))))
I|331|(sort (s (s (s (s 0)))))
I|332|(sort (s (s 0)))
I|333|(sort (s (s (s 0))))
I|334|(sort (s (s (s (s (s 0))))))
I|335|(sort (s (s (s (s (s 0))))))
I|336|(sort (s 0))
I|337|(sort (s (s (s (s (s (s 0)))))))
I|338|(sort (s (s (s (s 0)))))
I|339|(sort (s (s (s 0))))
I|340|(sort (s (s (s (s 0)))))
I|341|(sort (s (s (s (s (s 0))))))
I|342|(sort (s (s (s 0))))
I|343|(sort (s 0))
I|344|(sort (s (s (s (s (s (s 0)))))))
I|345|(sort (s (s (s (s 0)))))
I|346|(sort (s (s (s (s 0)))))
I|347|(sort (s (s (s (s (s 0))))))
I|348|(sort (s (s (s (s (s 0))))))
I|349|(sort (s (s (s 0))))
I|350|(sort (s (s 0)))
I|351|(sort (s (s (s (s (s (s 0)))))))
I|352|(sort (s (s (s (s 0)))))
I|353|(sort (s (s (s (s (s 0))))))
I|354|(sort 0)
I|355|(sort (s (s (s (s (s 0))))))
I|356|(sort (s (s (s 0))))
I|357|(sort (s (s (s 0))))
I|358|(sort (s (s (s (s (s (s 0)))))))
I|359|(sort (s (s (s (s (s 0))))))
I|360|(sort (s (s 0)))
I|361|(sort (s 0))
I|362|(sort (s (s (s (s (s 0))))))
I|363|(sort (s (s (s 0))))
I|364|(sort (s (s (s (s 0)))))
I|365|(sort (s (s (s (s (s (s 0)))))))
I|366|(sort (s (s (s (s 0)))))
I|367|(sort (s (s 0)))
I|368|(sort (s (s 0)))
I|369|(sort (s (s (s (s (s 0))))))
I|370|(sort (s (s (s (s 0)))))
I|371|(sort (s (s (s (s (s 0))))))
I|372|(sort (s (s (s (s (s (s 0)))))))
I|373|(sort (s (s (s (s 0)))))
I|374|(sort (s (s 0)))
I|375|(sort (s (s (s 0))))
I|376|(sort (s (s (s (s (s 0))))))
I|377|(sort (s (s (s (s (s 0))))))
I|378|(sort (s 0))
I|379|(sort (s (s (s (s (s (s 0)))))))
I|380|(sort (s (s (s (s 0)))))
I|381|(sort (s (s (s 0))))
I|382|(sort (s (s (s (s 0)))))
I|383|(sort (s (s (s (s (s 0))))))
I|384|(sort (s (s (s 0))))
I|385|(sort (s 0))
I|386|(sort (s (s (s (s (s (s 0)))))))
I|387|(sort (s (s (s (s 0)))))
I|388|(sort (s (s (s (s 0)))))
I|389|(sort (s (s (s (s (s 0))))))
I|390|(sort (s (s (s (s (s 0))))))
I|391|(sort (s (s (s 0))))
I|392|(sort (s (s 0)))
I|393|(sort (s (s (s (s (s (s 0)))))))
I|394|(sort (s (s (s (s 0)))))
I|395|(sort (s (s (s (s (s 0))))))
I|396|(sort 0)
I|397|(sort (s (s (s (s (s 0))))))
I|398|(sort (s (s (s 0))))
I|399|(sort (s (s (s 0))))
I|400|(pi E (sort 0) (pi E (b 0) (b 1)))
I|401|(pi E (sort (s 0)) (pi E (b 0) (b 1)))
I|402|(pi E (sort (s (s 0))) (pi E (b 0) (b 1)))
I|403|(pi E (sort (s (s (s 0)))) (pi E (b 0) (b 1)))
I|404|(pi E (sort (s (s (s (s 0))))) (pi E (b 0) (b 1)))
I|405|(pi E (sort (s (s (s (s (s 0)))))) (pi E (b 0) (b 1)))
I|406|(pi E (sort (s (s (s (s (s (s 0))))))) (pi E (b 0) (b 1)))
I|407|(pi E (sort 0) (pi E (b 0) (b 1)))
I|408|(pi E (sort (s 0)) (pi E (b 0) (b 1)))
I|409|(pi E (sort (s (s 0))) (pi E (b 0) (b 1)))
I|410|(pi E (sort (s (s (s 0)))) (pi E (b 0) (b 1)))
I|411|(pi E (sort (s (s (s (s 0))))) (pi E (b 0) (b 1)))
I|412|(pi E (sort (s (s (s (s (s 0)))))) (pi E (b 0) (b 1)))
I|413|(pi E (sort (s (s (s (s (s (s 0))))))) (pi E (b 0) (b 1)))
I|414|(pi E (sort 0) (pi E (b 0) (b 1)))
I|415|(pi E (sort (s 0)) (pi E (b 0) (b 1)))
I|416|(pi E (sort (s (s 0))) (pi E (b 0) (b 1)))
I|417|(pi E (sort (s (s (s 0)))) (pi E (b 0) (b 1)))
I|418|(pi E (sort (s (s (s (s 0))))) (pi E (b 0) (b 1)))
I|419|(pi E (sort (s (s (s (s (s 0)))))) (pi E (b 0) (b 1)))
I|420|(pi E (sort (s (s (s (s (s (s 0))))))) (pi E (b 0) (b 1)))
I|421|(pi E (sort 0) (pi E (b 0) (b 1)))
I|422|(pi E (sort (s 0)) (pi E (b 0) (b 1)))
I|423|(pi E (sort (s (s 0))) (pi E (b 0) (b 1)))
I|424|(pi E (sort (s (s (s 0)))) (pi E (b 0) (b 1)))
I|425|(pi E (sort (s (s (s (s 0))))) (pi E (b 0) (b 1)))
I|426|(pi E (sort (s (s (s (s (s 0)))))) (pi E (b 0) (b 1)))
I|427|(pi E (sort (s (s (s (s (s (s 0))))))) (pi E (b 0) (b 1)))
I|428|(pi E (sort 0) (pi E (b 0) (b 1)))
I|429|(pi E (sort (s 0)) (pi E (b 0) (b 1)))
I|430|(pi E (sort (s (s 0))) (pi E (b 0) (b 1)))
I|431|(pi E (sort (s (s (s 0)))) (pi E (b 0) (b 1)))
I|432|(pi E (sort (s (s (s (s 0))))) (pi E (b 0) (b 1)))
I|433|(pi E (sort (s (s (s (s (s 0)))))) (pi E (b 0) (b 1)))
I|434|(pi E (sort (s (s (s (s (s (s 0))))))) (pi E (b 0) (b 1)))
I|435|(pi E (sort 0) (pi E (b 0) (b 1)))
I|436|(pi E (sort (s 0)) (pi E (b 0) (b 1)))
I|437|(pi E (sort (s (s 0))) (pi E (b 0) (b 1)))
I|438|(pi E (sort (s (s (s 0)))) (pi E (b 0) (b 1)))
I|439|(pi E (sort (s (s (s (s 0))))) (pi E (b 0) (b 1)))
I|440|(pi E (sort (s (s (s (s (s 0)))))) (pi E (b 0) (b 1)))
I|441|(pi E (sort (s (s (s (s (s (s 0))))))) (pi E (b 0) (b 1)))
I|442|(pi E (sort 0) (pi E (b 0) (b 1)))
I|443|(pi E (sort (s 0)) (pi E (b 0) (b 1)))
I|444|(pi E (sort (s (s 0))) (pi E (b 0) (b 1)))
I|445|(pi E (sort (s (s (s 0)))) (pi E (b 0) (b 1)))
I|446|(pi E (sort (s (s (s (s 0))))) (pi E (b 0) (b 1)))
I|447|(pi E (sort (s (s (s (s (s 0)))))) (pi E (b 0) (b 1)))
I|448|(pi E (sort (s (s (s (s (s (s 0))))))) (pi E (b 0) (b 1)))
I|449|(pi E (sort 0) (pi E (b 0) (b 1)))
I|450|(pi E (sort (s 0)) (pi E (b 0) (b 1)))
I|451|(pi E (sort (s (s 0))) (pi E (b 0) (b 1)))
I|452|(pi E (sort (s (s (s 0)))) (pi E (b 0) (b 1)))
I|453|(pi E (sort (s (s (s (s 0))))) (pi E (b 0) (b 1)))
I|454|(pi E (sort (s (s (s (s (s 0)))))) (pi E (b 0) (b 1)))
I|455|(pi E (sort (s (s (s (s (s (s 0))))))) (pi E (b 0) (b 1)))
I|456|(pi E (sort 0) (pi E (b 0) (b 1)))
I|457|(pi E (sort (s 0)) (pi E (b 0) (b 1)))
I|458|(pi E (sort (s (s 0))) (pi E (b 0) (b 1)))
I|459|(pi E (sort (s (s (s 0)))) (pi E (b 0) (b 1)))
I|460|(pi E (sort (s (s (s (s 0))))) (pi E (b 0) (b 1)))
I|461|(pi E (sort (s (s (s (s (s 0)))))) (pi E (b 0) (b 1)))
I|462|(pi E (sort (s (s (s (s (s (s 0))))))) (pi E (b 0) (b 1)))
I|463|(pi E (sort 0) (pi E (b 0) (b 1)))
I|464|(pi E (sort (s 0)) (pi E (b 0) (b 1)))
I|465|(pi E (sort (s (s 0))) (pi E (b 0) (b 1)))
I|466|(pi E (sort (s (s (s 0)))) (pi E (b 0) (b 1)))
I|467|(pi E (sort (s (s (s (s 0))))) (pi E (b 0) (b 1)))
I|468|(pi E (sort (s (s (s (s (s 0)))))) (pi E (b 0) (b 1)))
I|469|(pi E (sort (s (s (s (s (s (s 0))))))) (pi E (b 0) (b 1)))
I|470|(pi E (sort 0) (pi E (b 0) (b 1)))
I|471|(pi E (sort (s 0)) (pi E (b 0) (b 1)))
I|472|(pi E (sort (s (s 0))) (pi E (b 0) (b 1)))
I|473|(pi E (sort (s (s (s 0)))) (pi E (b 0) (b 1)))
I|474|(pi E (sort (s (s (s (s 0))))) (pi E (b 0) (b 1)))
I|475|(pi E (sort (s (s (s (s (s 0)))))) (pi E (b 0) (b 1)))
I|476|(pi E (sort (s (s (s (s (s (s 0))))))) (pi E (b 0) (b 1)))
I|477|(pi E (sort 0) (pi E (b 0) (b 1)))
I|478|(pi E (sort (s 0)) (pi E (b 0) (b 1)))
I|479|(pi E (sort (s (s 0))) (pi E (b 0) (b 1)))
I|480|(pi E (sort (s (s (s 0)))) (pi E (b 0) (b 1)))
I|481|(pi E (sort (s (s (s (s 0))))) (pi E (b 0) (b 1)))
I|482|(pi E (sort (s (s (s (s (s 0)))))) (pi E (b 0) (b 1)))
I|483|(pi E (sort (s (s (s (s (s (s 0))))))) (pi E (b 0) (b 1)))
I|484|(pi E (sort 0) (pi E (b 0) (b 1)))
I|485|(pi E (sort (s 0)) (pi E (b 0) (b 1)))
I|486|(pi E (sort (s (s 0))) (pi E (b 0) (b 1)))
I|487|(pi E (sort (s (s (s 0)))) (pi E (b 0) (b 1)))
I|488|(pi E (sort (s (s (s (s 0))))) (pi E (b 0) (b 1)))
I|489|(pi E (sort (s (s (s (s (s 0)))))) (pi E (b 0) (b 1)))
I|490|(pi E (sort (s (s (s (s (s (s 0))))))) (pi E (b 0) (b 1)))
I|491|(pi E (sort 0) (pi E (b 0) (b 1)))
I|492|(pi E (sort (s 0)) (pi E (b 0) (b 1)))
I|493|(pi E (sort (s (s 0))) (pi E (b 0) (b 1)))
I|494|(pi E (sort (s (s (s 0)))) (pi E (b 0) (b 1)))
I|495|(pi E (sort (s (s (s (s 0))))) (pi E (b 0) (b 1)))
I|496|(pi E (sort (s (s (s (s (s 0)))))) (pi E (b 0) (b 1)))
I|497|(pi E (sort (s (s (s (s (s (s 0))))))) (pi E (b 0) (b 1)))
I|498|(pi E (sort 0) (pi E (b 0) (b 1)))
I|499|(pi E (sort (s 0)) (pi E (b 0) (b 1)))
I|500|(pi E (sort (s (s 0))) (pi E (b 0) (b 1)))
I|501|(pi E (sort (s (s (s 0)))) (pi E (b 0) (b 1)))
I|502|(pi E (sort (s (s (s (s 0))))) (pi E (b 0) (b 1)))
I|503|(pi E (sort (s (s (s (s (s 0)))))) (pi E (b 0) (b 1)))
I|504|(pi E (sort (s (s (s (s (s (s 0))))))) (pi E (b 0) (b 1)))
I|505|(pi E (sort 0) (pi E (b 0) (b 1)))
I|506|(pi E (sort (s 0)) (pi E (b 0) (b 1)))
I|507|(pi E (sort (s (s 0))) (pi E (b 0) (b 1)))
I|508|(pi E (sort (s (s (s 0)))) (pi E (b 0) (b 1)))
I|509|(pi E (sort (s (s (s (s 0))))) (pi E (b 0) (b 1)))
I|510|(pi E (sort (s (s (s (s (s 0)))))) (pi E (b 0) (b 1)))
I|511|(pi E (sort (s (s (s (s (s (s 0))))))) (pi E (b 0) (b 1)))
I|512|(pi E (sort 0) (pi E (b 0) (b 1)))
I|513|(pi E (sort (s 0)) (pi E (b 0) (b 1)))
I|514|(pi E (sort (s (s 0))) (pi E (b 0) (b 1)))
I|515|(pi E (sort (s (s (s 0)))) (pi E (b 0) (b 1)))
I|516|(pi E (sort (s (s (s (s 0))))) (pi E (b 0) (b 1)))
I|517|(pi E (sort (s (s (s (s (s 0)))))) (pi E (b 0) (b 1)))
I|518|(pi E (sort (s (s (s (s (s (s 0))))))) (pi E (b 0) (b 1)))
I|519|(pi E (sort 0) (pi E (b 0) (b 1)))
I|520|(pi E (sort (s 0)) (pi E (b 0) (b 1)))
I|521|(pi E (sort (s (s 0))) (pi E (b 0) (b 1)))
I|522|(pi E (sort (s (s (s 0)))) (pi E (b 0) (b 1)))
I|523|(pi E (sort (s (s (s (s 0))))) (pi E (b 0) (b 1)))
I|524|(pi E (sort (s (s (s (s (s 0)))))) (pi E (b 0) (b 1)))
I|525|(pi E (sort (s (s (s (s (s (s 0))))))) (pi E (b 0) (b 1)))
I|526|(pi E (sort 0) (pi E (b 0) (b 1)))
I|527|(pi E (sort (s 0)) (pi E (b 0) (b 1)))
I|528|(pi E (sort (s (s 0))) (pi E (b 0) (b 1)))
I|529|(pi E (sort (s (s (s 0)))) (pi E (b 0) (b 1)))
I|530|(pi E (sort (s (s (s (s 0))))) (pi E (b 0) (b 1)))
I|531|(pi E (sort (s (s (s (s (s 0)))))) (pi E (b 0) (b 1)))
I|532|(pi E (sort (s (s (s (s (s (s 0))))))) (pi E (b 0) (b 1)))
I|533|(pi E (sort 0) (pi E (b 0) (b 1)))
I|534|(pi E (sort (s 0)) (pi E (b 0) (b 1)))
I|535|(pi E (sort (s (s 0))) (pi E (b 0) (b 1)))
I|536|(pi E (sort (s (s (s 0)))) (pi E (b 0) (b 1)))
I|537|(pi E (sort (s (s (s (s 0))))) (pi E (b 0) (b 1)))
I|538|(pi E (sort (s (s (s (s (s 0)))))) (pi E (b 0) (b 1)))
I|539|(pi E (sort (s (s (s (s (s (s 0))))))) (pi E (b 0) (b 1)))
I|540|(pi E (sort 0) (pi E (b 0) (b 1)))
I|541|(pi E (sort (s 0)) (pi E (b 0) (b 1)))
I|542|(pi E (sort (s (s 0))) (pi E (b 0) (b 1)))
I|543|(pi E (sort (s (s (s 0)))) (pi E (b 0) (b 1)))
I|544|(pi E (sort (s (s (s (s 0))))) (pi E (b 0) (b 1)))
I|545|(pi E (sort (s (s (s (s (s 0)))))) (pi E (b 0) (b 1)))
I|546|(pi E (sort (s (s (s (s (s (s 0))))))) (pi E (b 0) (b 1)))
I|547|(pi E (sort 0) (pi E (b 0) (b 1)))
I|548|(pi E (sort (s 0)) (pi E (b 0) (b 1)))
I|549|(pi E (sort (s (s 0))) (pi E (b 0) (b 1)))
I|550|(pi E (sort (s (s (s 0)))) (pi E (b 0) (b 1)))
I|551|(pi E (sort (s (s (s (s 0))))) (pi E (b 0) (b 1)))
I|552|(pi E (sort (s (s (s (s (s 0)))))) (pi E (b 0) (b 1)))
I|553|(pi E (sort (s (s (s (s (s (s 0))))))) (pi E (b 0) (b 1)))
I|554|(pi E (sort 0) (pi E (b 0) (b 1)))
I|555|(pi E (sort (s 0)) (pi E (b 0) (b 1)))
I|556|(pi E (sort (s (s 0))) (pi E (b 0) (b 1)))
I|557|(pi E (sort (s (s (s 0)))) (pi E (b 0) (b 1)))
I|558|(pi E (sort (s (s (s (s 0))))) (pi E (b 0) (b 1)))
I|559|(pi E (sort (s (s (s (s (s 0)))))) (pi E (b 0) (b 1)))
I|560|(pi E (sort (s (s (s (s (s (s 0))))))) (pi E (b 0) (b 1)))
I|561|(pi E (sort 0) (pi E (b 0) (b 1)))
I|562|(pi E (sort (s 0)) (pi E (b 0) (b 1)))
I|563|(pi E (sort (s (s 0))) (pi E (b 0) (b 1)))
I|564|(pi E (sort (s (s (s 0)))) (pi E (b 0) (b 1)))
I|565|(pi E (sort (s (s (s (s 0))))) (pi E (b 0) (b 1)))
I|566|(pi E (sort (s (s (s (s (s 0)))))) (pi E (b 0) (b 1)))
I|567|(pi E (sort (s (s (s (s (s (s 0))))))) (pi E (b 0) (b 1)))
I|568|(pi E (sort 0) (pi E (b 0) (b 1)))
I|569|(pi E (sort (s 0)) (pi E (b 0) (b 1)))
I|570|(pi E (sort (s (s 0))) (pi E (b 0) (b 1)))
I|571|(pi E (sort (s (s (s 0)))) (pi E (b 0) (b 1)))
I|572|(pi E (sort (s (s (s (s 0))))) (pi E (b 0) (b 1)))
I|573|(pi E (sort (s (s (s (s (s 0)))))) (pi E (b 0) (b 1)))
I|574|(pi E (sort (s (s (s (s (s (s 0))))))) (pi E (b 0) (b 1)))
I|575|(pi E (sort 0) (pi E (b 0) (b 1)))
I|576|(pi E (sort (s 0)) (pi E (b 0) (b 1)))
I|577|(pi E (sort (s (s 0))) (pi E (b 0) (b 1)))
I|578|(pi E (sort (s (s (s 0)))) (pi E (b 0) (b 1)))
I|579|(pi E (sort (s (s (s (s 0))))) (pi E (b 0) (b 1)))
I|580|(pi E (sort (s (s (s (s (s 0)))))) (pi E (b 0) (b 1)))
I|581|(pi E (sort (s (s (s (s (s (s 0))))))) (pi E (b 0) (b 1)))
I|582|(pi E (sort 0) (pi E (b 0) (b 1)))
I|583|(pi E (sort (s 0)) (pi E (b 0) (b 1)))
I|584|(pi E (sort (s (s 0))) (pi E (b 0) (b 1)))
I|585|(pi E (sort (s (s (s 0)))) (pi E (b 0) (b 1)))
I|586|(pi E (sort (s (s (s (s 0))))) (pi E (b 0) (b 1)))
I|587|(pi E (sort (s (s (s (s (s 0)))))) (pi E (b 0) (b 1)))
I|588|(pi E (sort (s (s (s (s (s (s 0))))))) (pi E (b 0) (b 1)))
I|589|(pi E (sort 0) (pi E (b 0) (b 1)))
I|590|(pi E (sort (s 0)) (pi E (b 0) (b 1)))
I|591|(pi E (sort (s (s 0))) (pi E (b 0) (b 1)))
I|592|(pi E (sort (s (s (s 0)))) (pi E (b 0) (b 1)))
I|593|(pi E (sort (s (s (s (s 0))))) (pi E (b 0) (b 1)))
I|594|(pi E (sort (s (s (s (s (s 0)))))) (pi E (b 0) (b 1)))
I|595|(pi E (sort (s (s (s (s (s (s 0))))))) (pi E (b 0) (b 1)))
I|596|(pi E (sort 0) (pi E (b 0) (b 1)))
I|597|(pi E (sort (s 0)) (pi E (b 0) (b 1)))
I|598|(pi E (sort (s (s 0))) (pi E (b 0) (b 1)))
I|599|(pi E (sort (s (s (s 0)))) (pi E (b 0) (b 1)))
I|600|(pi E (sort (s (s (s (s 0))))) (pi E (b 0) (b 1)))
I|601|(pi E (sort (s (s (s (s (s 0)))))) (pi E (b 0) (b 1)))
I|602|(pi E (sort (s (s (s (s (s (s 0))))))) (pi E (b 0) (b 1)))
I|603|(pi E (sort 0) (pi E (b 0) (b 1)))
I|604|(pi E (sort (s 0)) (pi E (b 0) (b 1)))
I|605|(pi E (sort (s (s 0))) (pi E (b 0) (b 1)))
I|606|(pi E (sort (s (s (s 0)))) (pi E (b 0) (b 1)))
I|607|(pi E (sort (s (s (s (s 0))))) (pi E (b 0) (b 1)))
I|608|(pi E (sort (s (s (s (s (s 0)))))) (pi E (b 0) (b 1)))
I|609|(pi E (sort (s (s (s (s (s (s 0))))))) (pi E (b 0) (b 1)))
I|610|(pi E (sort 0) (pi E (b 0) (b 1)))
I|611|(pi E (sort (s 0)) (pi E (b 0) (b 1)))
I|612|(pi E (sort (s (s 0))) (pi E (b 0) (b 1)))
I|613|(pi E (sort (s (s (s 0)))) (pi E (b 0) (b 1)))
I|614|(pi E (sort (s (s (s (s 0))))) (pi E (b 0) (b 1)))
I|615|(pi E (sort (s (s (s (s (s 0)))))) (pi E (b 0) (b 1)))
I|616|(pi E (sort (s (s (s (s (s (s 0))))))) (pi E (b 0) (b 1)))
I|617|(pi E (sort 0) (pi E (b 0) (b 1)))
I|618|(pi E (sort (s 0)) (pi E (b 0) (b 1)))
I|619|(pi E (sort (s (s 0))) (pi E (b 0) (b 1)))
I|620|(pi E (sort (s (s (s 0)))) (pi E (b 0) (b 1)))
I|621|(pi E (sort (s (s (s (s 0))))) (pi E (b 0) (b 1)))
I|622|(pi E (sort (s (s (s (s (s 0)))))) (pi E (b 0) (b 1)))
I|623|(pi E (sort (s (s (s (s (s (s 0))))))) (pi E (b 0) (b 1)))
I|624|(pi E (sort 0) (pi E (b 0) (b 1)))
I|625|(pi E (sort (s 0)) (pi E (b 0) (b 1)))
I|626|(pi E (sort (s (s 0))) (pi E (b 0) (b 1)))
I|627|(pi E (sort (s (s (s 0)))) (pi E (b 0) (b 1)))
I|628|(pi E (sort (s (s (s (s 0))))) (pi E (b 0) (b 1)))
I|629|(pi E (sort (s (s (s (s (s 0)))))) (pi E (b 0) (b 1)))
I|630|(pi E (sort (s (s (s (s (s (s 0))))))) (pi E (b 0) (b 1)))
I|631|(pi E (sort 0) (pi E (b 0) (b 1)))
I|632|(pi E (sort (s 0)) (pi E (b 0) (b 1)))
I|633|(pi E (sort (s (s 0))) (pi E (b 0) (b 1)))
I|634|(pi E (sort (s (s (s 0)))) (pi E (b 0) (b 1)))
I|635|(pi E (sort (s (s (s (s 0))))) (pi E (b 0) (b 1)))
I|636|(pi E (sort (s (s (s (s (s 0)))))) (pi E (b 0) (b 1)))
I|637|(pi E (sort (s (s (s (s (s (s 0))))))) (pi E (b 0) (b 1)))
I|638|(pi E (sort 0) (pi E (b 0) (b 1)))
I|639|(pi E (sort (s 0)) (pi E (b 0) (b 1)))
I|640|(pi E (sort (s (s 0))) (pi E (b 0) (b 1)))
I|641|(pi E (sort (s (s (s 0)))) (pi E (b 0) (b 1)))
I|642|(pi E (sort (s (s (s (s 0))))) (pi E (b 0) (b 1)))
I|643|(pi E (sort (s (s (s (s (s 0)))))) (pi E (b 0) (b 1)))
I|644|(pi E (sort (s (s (s (s (s (s 0))))))) (pi E (b 0) (b 1)))
I|645|(pi E (sort 0) (pi E (b 0) (b 1)))
I|646|(pi E (sort (s 0)) (pi E (b 0) (b 1)))
I|647|(pi E (sort (s (s 0))) (pi E (b 0) (b 1)))
I|648|(pi E (sort (s (s (s 0)))) (pi E (b 0) (b 1)))
I|649|(pi E (sort (s (s (s (s 0))))) (pi E (b 0) (b 1)))
I|650|(pi E (sort (s (s (s (s (s 0)))))) (pi E (b 0) (b 1)))
I|651|(pi E (sort (s (s (s (s (s (s 0))))))) (pi E (b 0) (b 1)))
I|652|(pi E (sort 0) (pi E (b 0) (b 1)))
I|653|(pi E (sort (s 0)) (pi E (b 0) (b 1)))
I|654|(pi E (sort (s (s 0))) (pi E (b 0) (b 1)))
I|655|(pi E (sort (s (s (s 0)))) (pi E (b 0) (b 1)))
I|656|(pi E (sort (s (s (s (s 0))))) (pi E (b 0) (b 1)))
I|657|(pi E (sort (s (s (s (s (s 0)))))) (pi E (b 0) (b 1)))
I|658|(pi E (sort (s (s (s (s (s (s 0))))))) (pi E (b 0) (b 1)))
I|659|(pi E (sort 0) (pi E (b 0) (b 1)))
I|660|(pi E (sort (s 0)) (pi E (b 0) (b 1)))
I|661|(pi E (sort (s (s 0))) (pi E (b 0) (b 1)))
I|662|(pi E (sort (s (s (s 0)))) (pi E (b 0) (b 1)))
I|663|(pi E (sort (s (s (s (s 0))))) (pi E (b 0) (b 1)))
I|664|(pi E (sort (s (s (s (s (s 0)))))) (pi E (b 0) (b 1)))
I|665|(pi E (sort (s (s (s (s (s (s 0))))))) (pi E (b 0) (b 1)))
I|666|(pi E (sort 0) (pi E (b 0) (b 1)))
I|667|(pi E (sort (s 0)) (pi E (b 0) (b 1)))
I|668|(pi E (sort (s (s 0))) (pi E (b 0) (b 1)))
I|669|(pi E (sort (s (s (s 0)))) (pi E (b 0) (b 1)))
I|670|(pi E (sort (s (s (s (s 0))))) (pi E (b 0) (b 1)))
I|671|(pi E (sort (s (s (s (s (s 0)))))) (pi E (b 0) (b 1)))
I|672|(pi E (sort (s (s (s (s (s (s 0))))))) (pi E (b 0) (b 1)))
I|673|(pi E (sort 0) (pi E (b 0) (b 1)))
I|674|(pi E (sort (s 0)) (pi E (b 0) (b 1)))
I|675|(pi E (sort (s (s 0))) (pi E (b 0) (b 1)))
I|676|(pi E (sort (s (s (s 0)))) (pi E (b 0) (b 1)))
I|677|(pi E (sort (s (s (s (s 0))))) (pi E (b 0) (b 1)))
I|678|(pi E (sort (s (s (s (s (s 0)))))) (pi E (b 0) (b 1)))
I|679|(pi E (sort (s (s (s (s (s (s 0))))))) (pi E (b 0) (b 1)))
I|680|(pi E (sort 0) (pi E (b 0) (b 1)))
I|681|(pi E (sort (s 0)) (pi E (b 0) (b 1)))
I|682|(pi E (sort (s (s 0))) (pi E (b 0) (b 1)))
I|683|(pi E (sort (s (s (s 0)))) (pi E (b 0) (b 1)))
I|684|(pi E (sort (s (s (s (s 0))))) (pi E (b 0) (b 1)))
I|685|(pi E (sort (s (s (s (s (s 0)))))) (pi E (b 0) (b 1)))
I|686|(pi E (sort (s (s (s (s (s (s 0))))))) (pi E (b 0) (b 1)))
I|687|(pi E (sort 0) (pi E (b 0) (b 1)))
I|688|(pi E (sort (s 0)) (pi E (b 0) (b 1)))
I|689|(pi E (sort (s (s 0))) (pi E (b 0) (b 1)))
I|690|(pi E (sort (s (s (s 0)))) (pi E (b 0) (b 1)))
I|691|(pi E (sort (s (s (s (s 0))))) (pi E (b 0) (b 1)))
I|692|(pi E (sort (s (s (s (s (s 0)))))) (pi E (b 0) (b 1)))
I|693|(pi E (sort (s (s (s (s (s (s 0))))))) (pi E (b 0) (b 1)))
I|694|(pi E (sort 0) (pi E (b 0) (b 1)))
I|695|(pi E (sort (s 0)) (pi E (b 0) (b 1)))
I|696|(pi E (sort (s (s 0))) (pi E (b 0) (b 1)))
I|697|(pi E (sort (s (s (s 0)))) (pi E (b 0) (b 1)))
I|698|(pi E (sort (s (s (s (s 0))))) (pi E (b 0) (b 1)))
I|699|(pi E (sort (s (s (s (s (s 0)))))) (pi E (b 0) (b 1)))
I|700|(pi E (sort (s (s (s (s (s (s 0))))))) (pi E (b 0) (b 1)))
I|701|(pi E (sort 0) (pi E (b 0) (b 1)))
I|702|(pi E (sort (s 0)) (pi E (b 0) (b 1)))
I|703|(pi E (sort (s (s 0))) (pi E (b 0) (b 1)))
I|704|(pi E (sort (s (s (s 0)))) (pi E (b 0) (b 1)))
I|705|(pi E (sort (s (s (s (s 0))))) (pi E (b 0) (b 1)))
I|706|(pi E (sort (s (s (s (s (s 0)))))) (pi E (b 0) (b 1)))
I|707|(pi E (sort (s (s (s (s (s (s 0))))))) (pi E (b 0) (b 1)))
I|708|(pi E (sort 0) (pi E (b 0) (b 1)))
I|709|(pi E (sort (s 0)) (pi E (b 0) (b 1)))
I|710|(pi E (sort (s (s 0))) (pi E (b 0) (b 1)))
I|711|(pi E (sort (s (s (s 0)))) (pi E (b 0) (b 1)))
I|712|(pi E (sort (s (s (s (s 0))))) (pi E (b 0) (b 1)))
I|713|(pi E (sort (s (s (s (s (s 0)))))) (pi E (b 0) (b 1)))
I|714|(pi E (sort (s (s (s (s (s (s 0))))))) (pi E (b 0) (b 1)))
I|715|(pi E (sort 0) (pi E (b 0) (b 1)))
I|716|(pi E (sort (s 0)) (pi E (b 0) (b 1)))
I|717|(pi E (sort (s (s 0))) (pi E (b 0) (b 1)))
I|718|(pi E (sort (s (s (s 0)))) (pi E (b 0) (b 1)))
I|719|(pi E (sort (s (s (s (s 0))))) (pi E (b 0) (b 1)))
I|720|(pi E (sort (s (s (s (s (s 0)))))) (pi E (b 0) (b 1)))
I|721|(pi E (sort (s (s (s (s (s (s 0))))))) (pi E (b 0) (b 1)))
I|722|(pi E (sort 0) (pi E (b 0) (b 1)))
I|723|(pi E (sort (s 0)) (pi E (b 0) (b 1)))
I|724|(pi E (sort (s (s 0))) (pi E (b 0) (b 1)))
I|725|(pi E (sort (s (s (s 0)))) (pi E (b 0) (b 1)))
I|726|(pi E (sort (s (s (s (s 0))))) (pi E (b 0) (b 1)))
I|727|(pi E (sort (s (s (s (s (s 0)))))) (pi E (b 0) (b 1)))
I|728|(pi E (sort (s (s (s (s (s (s 0))))))) (pi E (b 0) (b 1)))
I|729|(pi E (sort 0) (pi E (b 0) (b 1)))
I|730|(pi E (sort (s 0)) (pi E (b 0) (b 1)))
I|731|(pi E (sort (s (s 0))) (pi E (b 0) (b 1)))
I|732|(pi E (sort (s (s (s 0)))) (pi E (b 0) (b 1)))
I|733|(pi E (sort (s (s (s (s 0))))) (pi E (b 0) (b 1)))
I|734|(pi E (sort (s (s (s (s (s 0)))))) (pi E (b 0) (b 1)))
I|735|(pi E (sort (s (s (s (s (s (s 0))))))) (pi E (b 0) (b 1)))
I|736|(pi E (sort 0) (pi E (b 0) (b 1)))
I|737|(pi E (sort (s 0)) (pi E (b 0) (b 1)))
I|738|(pi E (sort (s (s 0))) (pi E (b 0) (b 1)))
I|739|(pi E (sort (s (s (s 0)))) (pi E (b 0) (b 1)))
I|740|(pi E (sort (s (s (s (s 0))))) (pi E (b 0) (b 1)))
I|741|(pi E (sort (s (s (s (s (s 0)))))) (pi E (b 0) (b 1)))
I|742|(pi E (sort (s (s (s (s (s (s 0))))))) (pi E (b 0) (b 1)))
I|743|(pi E (sort 0) (pi E (b 0) (b 1)))
I|744|(pi E (sort (s 0)) (pi E (b 0) (b 1)))
I|745|(pi E (sort (s (s 0))) (pi E (b 0) (b 1)))
I|746|(pi E (sort (s (s (s 0)))) (pi E (b 0) (b 1)))
I|747|(pi E (sort (s (s (s (s 0))))) (pi E (b 0) (b 1)))
I|748|(pi E (sort (s (s (s (s (s 0)))))) (pi E (b 0) (b 1)))
I|749|(pi E (sort (s (s (s (s (s (s 0))))))) (pi E (b 0) (b 1)))
I|750|(pi E (sort 0) (pi E (b 0) (b 1)))
I|751|(pi E (sort (s 0)) (pi E (b 0) (b 1)))
I|752|(pi E (sort (s (s 0))) (pi E (b 0) (b 1)))
I|753|(pi E (sort (s (s (s 0)))) (pi E (b 0) (b 1)))
I|754|(pi E (sort (s (s (s (s 0))))) (pi E (b 0) (b 1)))
I|755|(pi E (sort (s (s (s (s (s 0)))))) (pi E (b 0) (b 1)))
I|756|(pi E (sort (s (s (s (s (s (s 0))))))) (pi E (b 0) (b 1)))
I|757|(pi E (sort 0) (pi E (b 0) (b 1)))
I|758|(pi E (sort (s 0)) (pi E (b 0) (b 1)))
I|759|(pi E (sort (s (s 0))) (pi E (b 0) (b 1)))
I|760|(pi E (sort (s (s (s 0)))) (pi E (b 0) (b 1)))
I|761|(pi E (sort (s (s (s (s 0))))) (pi E (b 0) (b 1)))
I|762|(pi E (sort (s (s (s (s (s 0)))))) (pi E (b 0) (b 1)))
I|763|(pi E (sort (s (s (s (s (s (s 0))))))) (pi E (b 0) (b 1)))
I|764|(pi E (sort 0) (pi E (b 0) (b 1)))
I|765|(pi E (sort (s 0)) (pi E (b 0) (b 1)))
I|766|(pi E (sort (s (s 0))) (pi E (b 0) (b 1)))
I|767|(pi E (sort (s (s (s 0)))) (pi E (b 0) (b 1)))
I|768|(pi E (sort (s (s (s (s 0))))) (pi E (b 0) (b 1)))
I|769|(pi E (sort (s (s (s (s (s 0)))))) (pi E (b 0) (b 1)))
I|770|(pi E (sort (s (s (s (s (s (s 0))))))) (pi E (b 0) (b 1)))
I|771|(pi E (sort 0) (pi E (b 0) (b 1)))
I|772|(pi E (sort (s 0)) (pi E (b 0) (b 1)))
I|773|(pi E (sort (s (s 0))) (pi E (b 0) (b 1)))
I|774|(pi E (sort (s (s (s 0)))) (pi E (b 0) (b 1)))
I|775|(pi E (sort (s (s (s (s 0))))) (pi E (b 0) (b 1)))
I|776|(pi E (sort (s (s (s (s (s 0)))))) (pi E (b 0) (b 1)))
I|777|(pi E (sort (s (s (s (s (s (s 0))))))) (pi E (b 0) (b 1)))
I|778|(pi E (sort 0) (pi E (b 0) (b 1)))
I|779|(pi E (sort (s 0)) (pi E (b 0) (b 1)))
I|780|(pi E (sort (s (s 0))) (pi E (b 0) (b 1)))
I|781|(pi E (sort (s (s (s 0)))) (pi E (b 0) (b 1)))
I|782|(pi E (sort (s (s (s (s 0))))) (pi E (b 0) (b 1)))
I|783|(pi E (sort (s (s (s (s (s 0)))))) (pi E (b 0) (b 1)))
I|784|(pi E (sort (s (s (s (s (s (s 0))))))) (pi E (b 0) (b 1)))
I|785|(pi E (sort 0) (pi E (b 0) (b 1)))
I|786|(pi E (sort (s 0)) (pi E (b 0) (b 1)))
I|787|(pi E (sort (s (s 0))) (pi E (b 0) (b 1)))
I|788|(pi E (sort (s (s (s 0)))) (pi E (b 0) (b 1)))
I|789|(pi E (sort (s (s (s (s 0))))) (pi E (b 0) (b 1)))
I|790|(pi E (sort (s (s (s (s (s 0)))))) (pi E (b 0) (b 1)))
I|791|(pi E (sort (s (s (s (s (s (s 0))))))) (pi E (b 0) (b 1)))
I|792|(pi E (sort 0) (pi E (b 0) (b 1)))
I|793|(pi E (sort (s 0)) (pi E (b 0) (b 1)))
I|794|(pi E (sort (s (s 0))) (pi E (b 0) (b 1)))
I|795|(pi E (sort (s (s (s 0)))) (pi E (b 0) (b 1)))
I|796|(pi E (sort (s (s (s (s 0))))) (pi E (b 0) (b 1)))
I|797|(pi E (sort (s (s (s (s (s 0)))))) (pi E (b 0) (b 1)))
I|798|(pi E (sort (s (s (s (s (s (s 0))))))) (pi E (b 0) (b 1)))
I|799|(pi E (sort 0) (pi E (b 0) (b 1)))
I|800|(pi E (sort (s 0)) (pi E (b 0) (b 1)))
I|801|(pi E (sort (s (s 0))) (pi E (b 0) (b 1)))
I|802|(pi E (sort (s (s (s 0)))) (pi E (b 0) (b 1)))
I|803|(pi E (sort (s (s (s (s 0))))) (pi E (b 0) (b 1)))
I|804|(pi E (sort (s (s (s (s (s 0)))))) (pi E (b 0) (b 1)))
I|805|(pi E (sort (s (s (s (s (s (s 0))))))) (pi E (b 0) (b 1)))
I|806|(pi E (sort 0) (pi E (b 0) (b 1)))
I|807|(pi E (sort (s 0)) (pi E (b 0) (b 1)))
I|808|(pi E (sort (s (s 0))) (pi E (b 0) (b 1)))
I|809|(pi E (sort (s (s (s 0)))) (pi E (b 0) (b 1)))
I|810|(pi E (sort (s (s (s (s 0))))) (pi E (b 0) (b 1)))
I|811|(pi E (sort (s (s (s (s (s 0)))))) (pi E (b 0) (b 1)))
I|812|(pi E (sort (s (s (s (s (s (s 0))))))) (pi E (b 0) (b 1)))
I|813|(pi E (sort 0) (pi E (b 0) (b 1)))
I|814|(pi E (sort (s 0)) (pi E (b 0) (b 1)))
I|815|(pi E (sort (s (s 0))) (pi E (b 0) (b 1)))
I|816|(pi E (sort (s (s (s 0)))) (pi E (b 0) (b 1)))
I|817|(pi E (sort (s (s (s (s 0))))) (pi E (b 0) (b 1)))
I|818|(pi E (sort (s (s (s (s (s 0)))))) (pi E (b 0) (b 1)))
I|819|(pi E (sort (s (s (s (s (s (s 0))))))) (pi E (b 0) (b 1)))
I|820|(pi E (sort 0) (pi E (b 0) (b 1)))
I|821|(pi E (sort (s 0)) (pi E (b 0) (b 1)))
I|822|(pi E (sort (s (s 0))) (pi E (b 0) (b 1)))
I|823|(pi E (sort (s (s (s 0)))) (pi E (b 0) (b 1)))
I|824|(pi E (sort (s (s (s (s 0))))) (pi E (b 0) (b 1)))
I|825|(pi E (sort (s (s (s (s (s 0)))))) (pi E (b 0) (b 1)))
I|826|(pi E (sort (s (s (s (s (s (s 0))))))) (pi E (b 0) (b 1)))
I|827|(pi E (sort 0) (pi E (b 0) (b 1)))
I|828|(pi E (sort (s 0)) (pi E (b 0) (b 1)))
I|829|(pi E (sort (s (s 0))) (pi E (b 0) (b 1)))
I|830|(pi E (sort (s (s (s 0)))) (pi E (b 0) (b 1)))
I|831|(pi E (sort (s (s (s (s 0))))) (pi E (b 0) (b 1)))
I|832|(pi E (sort (s (s (s (s (s 0)))))) (pi E (b 0) (b 1)))
I|833|(pi E (sort (s (s (s (s (s (s 0))))))) (pi E (b 0) (b 1)))
I|834|(pi E (sort 0) (pi E (b 0) (b 1)))
I|835|(pi E (sort (s 0)) (pi E (b 0) (b 1)))
I|836|(pi E (sort (s (s 0))) (pi E (b 0) (b 1)))
I|837|(pi E (sort (s (s (s 0)))) (pi E (b 0) (b 1)))
I|838|(pi E (sort (s (s (s (s 0))))) (pi E (b 0) (b 1)))
I|839|(pi E (sort (s (s (s (s (s 0)))))) (pi E (b 0) (b 1)))
I|840|(pi E (sort (s (s (s (s (s (s 0))))))) (pi E (b 0) (b 1)))
I|841|(pi E (sort 0) (pi E (b 0) (b 1)))
I|842|(pi E (sort (s 0)) (pi E (b 0) (b 1)))
I|843|(pi E (sort (s (s 0))) (pi E (b 0) (b 1)))
I|844|(pi E (sort (s (s (s 0)))) (pi E (b 0) (b 1)))
I|845|(pi E (sort (s (s (s (s 0))))) (pi E (b 0) (b 1)))
I|846|(pi E (sort (s (s (s (s (s 0)))))) (pi E (b 0) (b 1)))
I|847|(pi E (sort (s (s (s (s (s (s 0))))))) (pi E (b 0) (b 1)))
I|848|(pi E (sort 0) (pi E (b 0) (b 1)))
I|849|(pi E (sort (s 0)) (pi E (b 0) (b 1)))
I|850|(sort 0)
I|851|(c KADecl.P [])
I|852|(c KADecl.P [])
I|853|(sort 0)
I|854|(c KADecl.P [])
I|855|(c KADecl.P [])
I|856|(sort 0)
I|857|(c KADecl.P [])
I|858|(c KADecl.P [])
I|859|(sort 0)
I|860|(c KADecl.P [])
I|861|(c KADecl.P [])
I|862|(sort 0)
I|863|(c KADecl.P [])
I|864|(c KADecl.P [])
I|865|(sort 0)
I|866|(c KADecl.P [])
I|867|(c KADecl.P [])
I|868|(sort 0)
I|869|(c KADecl.P [])
I|870|(c KADecl.P [])
I|871|(sort 0)
I|872|(c KADecl.P [])
I|873|(c KADecl.P [])
I|874|(sort 0)
I|875|(c KADecl.P [])
I|876|(c KADecl.P [])
I|877|(sort 0)
I|878|(c KADecl.P [])
I|879|(c KADecl.P [])
I|880|(sort 0)
I|881|(c KADecl.P [])
I|882|(c KADecl.P [])
I|883|(sort 0)
I|884|(c KADecl.P [])
I|885|(c KADecl.P [])
I|886|(sort 0)
I|887|(c KADecl.P [])
I|888|(c KADecl.P [])
I|889|(sort 0)
I|890|(c KADecl.P [])
I|891|(c KADecl.P [])
I|892|(sort 0)
I|893|(c KADecl.P [])
I|894|(c KADecl.P [])
I|895|(sort 0)
I|896|(c KADecl.P [])
I|897|(c KADecl.P [])
I|898|(sort 0)
I|899|(c KADecl.P [])
I|900|(c KADecl.P [])
I|901|(sort 0)
I|902|(c KADecl.P [])
I|903|(c KADecl.P [])
I|904|(sort 0)
I|905|(c KADecl.P [])
I|906|(c KADecl.P [])
I|907|(sort 0)
I|908|(c KADecl.P [])
I|909|(c KADecl.P [])
I|910|(sort 0)
I|911|(c KADecl.P [])
I|912|(c KADecl.P [])
I|913|(sort 0)
I|914|(c KADecl.P [])
I|915|(c KADecl.P [])
I|916|(sort 0)
I|917|(c KADecl.P [])
I|918|(c KADecl.P [])
I|919|(sort 0)
I|920|(c KADecl.P [])
I|921|(c KADecl.P [])
I|922|(sort 0)
I|923|(c KADecl.P [])
I|924|(c KADecl.P [])
I|925|(sort 0)
I|926|(c KADecl.P [])
I|927|(c KADecl.P [])
I|928|(sort 0)
I|929|(c KADecl.P [])
I|930|(c KADecl.P [])
I|931|(sort 0)
I|932|(c KADecl.P [])
I|933|(c KADecl.P [])
I|934|(sort 0)
I|935|(c KADecl.P [])
I|936|(c KADecl.P [])
I|937|(sort 0)
I|938|(c KADecl.P [])
I|939|(c KADecl.P [])
I|940|(sort 0)
I|941|(c KADecl.P [])
I|942|(c KADecl.P [])
I|943|(sort 0)
I|944|(c KADecl.P [])
I|945|(c KADecl.P [])
I|946|(sort 0)
I|947|(c KADecl.P [])
I|948|(c KADecl.P [])
I|949|(sort 0)
I|950|(c KADecl.P [])
I|951|(c KADecl.P [])
I|952|(sort 0)
I|953|(c KADecl.P [])
I|954|(c KADecl.P [])
I|955|(sort 0)
I|956|(c KADecl.P [])
I|957|(c KADecl.P [])
I|958|(sort 0)
I|959|(c KADecl.P [])
I|960|(c KADecl.P [])
I|961|(sort 0)
I|962|(c KADecl.P [])
I|963|(c KADecl.P [])
I|964|(sort 0)
I|965|(c KADecl.P [])
I|966|(c KADecl.P [])
I|967|(sort 0)
I|968|(c KADecl.P [])
I|969|(c KADecl.P [])
I|970|(sort 0)
I|971|(c KADecl.P [])
I|972|(c KADecl.P [])
I|973|(sort 0)
I|974|(c KADecl.P [])
I|975|(c KADecl.P [])
I|976|(sort 0)
I|977|(c KADecl.P [])
I|978|(c KADecl.P [])
I|979|(sort 0)
I|980|(c KADecl.P [])
I|981|(c KADecl.P [])
I|982|(sort 0)
I|983|(c KADecl.P [])
I|984|(c KADecl.P [])
I|985|(sort 0)
I|986|(c KADecl.P [])
I|987|(c KADecl.P [])
I|988|(sort 0)
I|989|(c KADecl.P [])
I|990|(c KADecl.P [])
I|991|(sort 0)
I|992|(c KADecl.P [])
I|993|(c KADecl.P [])
I|994|(sort 0)
I|995|(c KADecl.P [])
I|996|(c KADecl.P [])
I|997|(sort 0)
I|998|(c KADecl.P [])
I|999|(c KADecl.P [])
ORDINARY_DECL_NATIVE_CASES=1000 FAILURES=0 KERNEL_CHECKS=1000 DUPLICATE_REJECTED=true
