TARGET=ProofScriptKernelEquivalence.KernelV71KernelTSSmallStepExecutionBoundary
LEAN=Lean (version 4.33.1, x86_64-unknown-linux-gnu, commit 819816b2e0a3bf405af45ae5c7af2491d8f5bee6, Release)
SOURCE=assurance/lean4331/formal/ProofScriptKernelEquivalence/KernelV71KernelTSSmallStepExecutionBoundary.lean
SOURCE_SHA256=b6fefc1c8dd161f2f923693b41fd63c46a367d5b62ff4b16172e321e3d59818b

ℹ [2/44] Built ProofScriptKernelEquivalence.TypeScriptClassifierImplementationContract (493ms)
info: ProofScriptKernelEquivalence/TypeScriptClassifierImplementationContract.lean:93:0: 'ProofScriptKernelEquivalence.TypeScriptClassifierImplementationContract.sourceAudit_noMissing' does not depend on any axioms
info: ProofScriptKernelEquivalence/TypeScriptClassifierImplementationContract.lean:94:0: 'ProofScriptKernelEquivalence.TypeScriptClassifierImplementationContract.runtimeTrace_noFailures' does not depend on any axioms
info: ProofScriptKernelEquivalence/TypeScriptClassifierImplementationContract.lean:95:0: 'ProofScriptKernelEquivalence.TypeScriptClassifierImplementationContract.runtimeTrace_rejectionsAtomic' does not depend on any axioms
info: ProofScriptKernelEquivalence/TypeScriptClassifierImplementationContract.lean:96:0: 'ProofScriptKernelEquivalence.TypeScriptClassifierImplementationContract.acceptedOutcome_hasWitness' does not depend on any axioms
info: ProofScriptKernelEquivalence/TypeScriptClassifierImplementationContract.lean:97:0: 'ProofScriptKernelEquivalence.TypeScriptClassifierImplementationContract.rejectedOutcome_notAccepted' does not depend on any axioms
ℹ [3/44] Built ProofScriptKernelEquivalence.LevelSemantics (1.3s)
info: ProofScriptKernelEquivalence/LevelSemantics.lean:122:0: 'ProofScriptKernelEquivalence.PSLevel.eval_toLean' depends on axioms: [propext]
info: ProofScriptKernelEquivalence/LevelSemantics.lean:123:0: 'ProofScriptKernelEquivalence.PSLevel.isNeverZero_sound' depends on axioms: [propext, Classical.choice, Quot.sound]
info: ProofScriptKernelEquivalence/LevelSemantics.lean:124:0: 'ProofScriptKernelEquivalence.PSLevel.isAlwaysZero_sound' depends on axioms: [propext]
info: ProofScriptKernelEquivalence/LevelSemantics.lean:125:0: 'ProofScriptKernelEquivalence.PSLevel.imax_one_right' depends on axioms: [propext]
info: ProofScriptKernelEquivalence/LevelSemantics.lean:126:0: 'ProofScriptKernelEquivalence.PSLevel.imax_of_neverZero' depends on axioms: [propext, Classical.choice, Quot.sound]
⚠ [4/44] Built ProofScriptKernelEquivalence.LevelLeanCorrespondence (1.5s)
warning: ProofScriptKernelEquivalence/LevelLeanCorrespondence.lean:57:10: try 'simp' instead of 'simpa'

Note: This linter can be disabled with `set_option linter.unnecessarySimpa false`
info: ProofScriptKernelEquivalence/LevelLeanCorrespondence.lean:162:0: 'ProofScriptKernelEquivalence.PSLevel.toLean_noMVar' does not depend on any axioms
info: ProofScriptKernelEquivalence/LevelLeanCorrespondence.lean:163:0: 'ProofScriptKernelEquivalence.PSLevel.toLean_injective' depends on axioms: [propext]
info: ProofScriptKernelEquivalence/LevelLeanCorrespondence.lean:164:0: 'ProofScriptKernelEquivalence.PSLevel.isNeverZero_toLean' depends on axioms: [propext]
info: ProofScriptKernelEquivalence/LevelLeanCorrespondence.lean:165:0: 'ProofScriptKernelEquivalence.PSLevel.isAlwaysZero_toLean' depends on axioms: [propext]
info: ProofScriptKernelEquivalence/LevelLeanCorrespondence.lean:166:0: 'ProofScriptKernelEquivalence.PSLevel.getOffset_toLean' depends on axioms: [propext, Quot.sound]
info: ProofScriptKernelEquivalence/LevelLeanCorrespondence.lean:167:0: 'ProofScriptKernelEquivalence.PSLevel.getLevelOffset_toLean' depends on axioms: [propext]
info: ProofScriptKernelEquivalence/LevelLeanCorrespondence.lean:168:0: 'ProofScriptKernelEquivalence.PSLevel.toLean_eq_iff' depends on axioms: [propext]
info: ProofScriptKernelEquivalence/LevelLeanCorrespondence.lean:170:0: 'ProofScriptKernelEquivalence.PSLevel.addOffset_toLean' depends on axioms: [propext]
info: ProofScriptKernelEquivalence/LevelLeanCorrespondence.lean:171:0: 'ProofScriptKernelEquivalence.PSLevel.isAlreadyNormalizedCheap_toLean' depends on axioms: [propext]
info: ProofScriptKernelEquivalence/LevelLeanCorrespondence.lean:172:0: 'ProofScriptKernelEquivalence.PSLevel.ctorToNat_toLean' does not depend on any axioms
⚠ [5/44] Built ProofScriptKernelEquivalence.LevelInstantiation (1.0s)
warning: ProofScriptKernelEquivalence/LevelInstantiation.lean:71:21: This simp argument is unused:
  h

Hint: Omit it from the simp argument list.
  [apply] simp only [Option.map, Option.getD]

Note: This linter can be disabled with `set_option linter.unusedSimpArgs false`
warning: ProofScriptKernelEquivalence/LevelInstantiation.lean:75:16: This simp argument is unused:
  h

Hint: Omit it from the simp argument list.
  [apply] simp [PSLevel.toLean]

Note: This linter can be disabled with `set_option linter.unusedSimpArgs false`
warning: ProofScriptKernelEquivalence/LevelInstantiation.lean:75:19: This simp argument is unused:
  PSLevel.toLean

Hint: Omit it from the simp argument list.
  [apply] simp [h]

Note: This linter can be disabled with `set_option linter.unusedSimpArgs false`
info: ProofScriptKernelEquivalence/LevelInstantiation.lean:80:0: 'ProofScriptKernelEquivalence.PSLevel.getParamSubst_toLean' depends on axioms: [propext, Quot.sound]
info: ProofScriptKernelEquivalence/LevelInstantiation.lean:81:0: 'ProofScriptKernelEquivalence.PSLevel.instantiateParams_toLeanSpec' depends on axioms: [propext, Quot.sound]
ℹ [6/44] Built ProofScriptKernelEquivalence.ExprTranslation (1.3s)
info: ProofScriptKernelEquivalence/ExprTranslation.lean:119:0: 'ProofScriptKernelEquivalence.PSBinderInfo.toLean_injective' depends on axioms: [propext]
info: ProofScriptKernelEquivalence/ExprTranslation.lean:120:0: 'ProofScriptKernelEquivalence.PSExpr.toLean_shared' depends on axioms: [propext, Quot.sound]
info: ProofScriptKernelEquivalence/ExprTranslation.lean:121:0: 'ProofScriptKernelEquivalence.PSExpr.toLean_sort' does not depend on any axioms
info: ProofScriptKernelEquivalence/ExprTranslation.lean:122:0: 'ProofScriptKernelEquivalence.PSExpr.toLean_bvar' does not depend on any axioms
info: ProofScriptKernelEquivalence/ExprTranslation.lean:123:0: 'ProofScriptKernelEquivalence.PSExpr.toLean_app' does not depend on any axioms
info: ProofScriptKernelEquivalence/ExprTranslation.lean:124:0: 'ProofScriptKernelEquivalence.PSExpr.toLean_proj' does not depend on any axioms
ℹ [7/44] Built ProofScriptKernelEquivalence.RecursorMetadata (1.6s)
info: ProofScriptKernelEquivalence/RecursorMetadata.lean:99:0: 'ProofScriptKernelEquivalence.RecursorMetadata.firstMinorIdx_eq' depends on axioms: [propext]
info: ProofScriptKernelEquivalence/RecursorMetadata.lean:100:0: 'ProofScriptKernelEquivalence.RecursorMetadata.firstIndexIdx_eq' depends on axioms: [propext]
info: ProofScriptKernelEquivalence/RecursorMetadata.lean:101:0: 'ProofScriptKernelEquivalence.RecursorMetadata.majorIdx_eq' depends on axioms: [propext]
info: ProofScriptKernelEquivalence/RecursorMetadata.lean:102:0: 'ProofScriptKernelEquivalence.RecursorMetadata.ruleKeys_eq' does not depend on any axioms
info: ProofScriptKernelEquivalence/RecursorMetadata.lean:103:0: 'ProofScriptKernelEquivalence.RecursorMetadata.k_eq' does not depend on any axioms
⚠ [8/44] Built ProofScriptKernelEquivalence.DeltaTransparency (1.9s)
warning: ProofScriptKernelEquivalence/DeltaTransparency.lean:73:8: try 'simp' instead of 'simpa'

Note: This linter can be disabled with `set_option linter.unnecessarySimpa false`
warning: ProofScriptKernelEquivalence/DeltaTransparency.lean:92:14: This simp argument is unused:
  hps

Hint: Omit it from the simp argument list.
  [apply] simp at impossible

Note: This linter can be disabled with `set_option linter.unusedSimpArgs false`
info: ProofScriptKernelEquivalence/DeltaTransparency.lean:100:0: 'ProofScriptKernelEquivalence.DeltaTransparency.step_sound' does not depend on any axioms
info: ProofScriptKernelEquivalence/DeltaTransparency.lean:101:0: 'ProofScriptKernelEquivalence.DeltaTransparency.step_complete_const' depends on axioms: [propext]
info: ProofScriptKernelEquivalence/DeltaTransparency.lean:102:0: 'ProofScriptKernelEquivalence.DeltaTransparency.stuck_iff' depends on axioms: [propext]
ℹ [9/44] Built ProofScriptKernelEquivalence.DeclarationInductiveMetadata (2.1s)
info: ProofScriptKernelEquivalence/DeclarationInductiveMetadata.lean:146:0: 'ProofScriptKernelEquivalence.DeclarationInductiveMetadata.PSInductiveInfo.toLean_corresponds' does not depend on any axioms
info: ProofScriptKernelEquivalence/DeclarationInductiveMetadata.lean:147:0: 'ProofScriptKernelEquivalence.DeclarationInductiveMetadata.PSConstructorInfo.toLean_corresponds' does not depend on any axioms
info: ProofScriptKernelEquivalence/DeclarationInductiveMetadata.lean:148:0: 'ProofScriptKernelEquivalence.DeclarationInductiveMetadata.canonicalEq_toLean_corresponds' does not depend on any axioms
info: ProofScriptKernelEquivalence/DeclarationInductiveMetadata.lean:149:0: 'ProofScriptKernelEquivalence.DeclarationInductiveMetadata.canonicalEqRefl_toLean_corresponds' does not depend on any axioms
⚠ [10/44] Built ProofScriptKernelEquivalence.LevelInstantiationV71 (2.6s)
warning: ProofScriptKernelEquivalence/LevelInstantiationV71.lean:226:22: This simp argument is unused:
  hf

Hint: Omit it from the simp argument list.
  [apply] simp only [h, hLf, if_false]

Note: This linter can be disabled with `set_option linter.unusedSimpArgs false`
warning: ProofScriptKernelEquivalence/LevelInstantiationV71.lean:226:31: This simp argument is unused:
  if_false

Hint: Omit it from the simp argument list.
  [apply] simp only [h, hf, hLf]

Note: This linter can be disabled with `set_option linter.unusedSimpArgs false`
info: ProofScriptKernelEquivalence/LevelInstantiationV71.lean:244:0: 'ProofScriptKernelEquivalence.PSLevelV71.mkLevelMaxPrime_toLean' depends on axioms: [propext, Quot.sound]
info: ProofScriptKernelEquivalence/LevelInstantiationV71.lean:245:0: 'ProofScriptKernelEquivalence.PSLevelV71.mkLevelIMaxPrime_toLean' depends on axioms: [propext, Quot.sound]
info: ProofScriptKernelEquivalence/LevelInstantiationV71.lean:246:0: 'ProofScriptKernelEquivalence.PSLevelV71.instantiateParams_toLeanSpec' depends on axioms: [propext, Quot.sound]
ℹ [11/44] Built ProofScriptKernelEquivalence.InductiveDirectAdmission (2.4s)
info: ProofScriptKernelEquivalence/InductiveDirectAdmission.lean:121:0: 'ProofScriptKernelEquivalence.InductiveDirectAdmission.containsConst_toLean' depends on axioms: [propext]
info: ProofScriptKernelEquivalence/InductiveDirectAdmission.lean:122:0: 'ProofScriptKernelEquivalence.InductiveDirectAdmission.positiveField_sound' depends on axioms: [propext]
info: ProofScriptKernelEquivalence/InductiveDirectAdmission.lean:123:0: 'ProofScriptKernelEquivalence.InductiveDirectAdmission.ctorShape_sound' depends on axioms: [propext]
info: ProofScriptKernelEquivalence/InductiveDirectAdmission.lean:124:0: 'ProofScriptKernelEquivalence.InductiveDirectAdmission.nonrecursiveField_sound' depends on axioms: [propext]
ℹ [12/44] Built ProofScriptKernelEquivalence.DeclarationRecursorMetadata (1.2s)
info: ProofScriptKernelEquivalence/DeclarationRecursorMetadata.lean:96:0: 'ProofScriptKernelEquivalence.DeclarationRecursorMetadata.PSRecursorInfo.toLean_corresponds' does not depend on any axioms
info: ProofScriptKernelEquivalence/DeclarationRecursorMetadata.lean:97:0: 'ProofScriptKernelEquivalence.DeclarationRecursorMetadata.PSRecursorInfo.metadata_corresponds' depends on axioms: [propext,
 Quot.sound]
ℹ [13/44] Built ProofScriptKernelEquivalence.ExprOperations (2.3s)
info: ProofScriptKernelEquivalence/ExprOperations.lean:136:0: 'ProofScriptKernelEquivalence.PSExpr.lift_toLean' depends on axioms: [propext]
info: ProofScriptKernelEquivalence/ExprOperations.lean:137:0: 'ProofScriptKernelEquivalence.PSExpr.instantiateAt_toLean' depends on axioms: [propext]
info: ProofScriptKernelEquivalence/ExprOperations.lean:138:0: 'ProofScriptKernelEquivalence.PSExpr.instantiate1_toLean' depends on axioms: [propext]
ℹ [14/44] Built ProofScriptKernelEquivalence.ExprLevelInstantiationV71 (1.9s)
info: ProofScriptKernelEquivalence/ExprLevelInstantiationV71.lean:86:0: 'ProofScriptKernelEquivalence.PSExprV71.instantiateLevelParams_toLeanSpec' depends on axioms: [propext, Quot.sound]
ℹ [15/44] Built ProofScriptKernelEquivalence.InductiveIndexedAdmission (2.1s)
info: ProofScriptKernelEquivalence/InductiveIndexedAdmission.lean:250:0: 'ProofScriptKernelEquivalence.InductiveIndexedAdmission.mkApps_toLean' depends on axioms: [propext]
info: ProofScriptKernelEquivalence/InductiveIndexedAdmission.lean:251:0: 'ProofScriptKernelEquivalence.InductiveIndexedAdmission.uniformParams_toLean' depends on axioms: [propext, Quot.sound]
info: ProofScriptKernelEquivalence/InductiveIndexedAdmission.lean:252:0: 'ProofScriptKernelEquivalence.InductiveIndexedAdmission.indexedResult_sound' depends on axioms: [propext, Quot.sound]
info: ProofScriptKernelEquivalence/InductiveIndexedAdmission.lean:253:0: 'ProofScriptKernelEquivalence.InductiveIndexedAdmission.indexedPositiveField_sound' depends on axioms: [propext,
 Quot.sound]
info: ProofScriptKernelEquivalence/InductiveIndexedAdmission.lean:254:0: 'ProofScriptKernelEquivalence.InductiveIndexedAdmission.indexedCtorBody_sound' depends on axioms: [propext, Quot.sound]
info: ProofScriptKernelEquivalence/InductiveIndexedAdmission.lean:255:0: 'ProofScriptKernelEquivalence.InductiveIndexedAdmission.parameterizedIndexedCtor_sound' depends on axioms: [propext,
 Quot.sound]
⚠ [16/44] Built ProofScriptKernelEquivalence.TypingDirect (1.1s)
warning: ProofScriptKernelEquivalence/TypingDirect.lean:87:2: try 'simp' instead of 'simpa'

Note: This linter can be disabled with `set_option linter.unnecessarySimpa false`
info: ProofScriptKernelEquivalence/TypingDirect.lean:119:0: 'ProofScriptKernelEquivalence.DirectTyping.typing_sound' depends on axioms: [propext]
ℹ [17/44] Built ProofScriptKernelEquivalence.ReductionBetaZeta (1.2s)
info: ProofScriptKernelEquivalence/ReductionBetaZeta.lean:49:0: 'ProofScriptKernelEquivalence.BetaZeta.step_sound' depends on axioms: [propext]
info: ProofScriptKernelEquivalence/ReductionBetaZeta.lean:50:0: 'ProofScriptKernelEquivalence.BetaZeta.steps_sound' depends on axioms: [propext]
⚠ [18/44] Built ProofScriptKernelEquivalence.Projection (1.5s)
warning: ProofScriptKernelEquivalence/Projection.lean:177:2: try 'simp' instead of 'simpa'

Note: This linter can be disabled with `set_option linter.unnecessarySimpa false`
info: ProofScriptKernelEquivalence/Projection.lean:191:0: 'ProofScriptKernelEquivalence.PSExpr.hasLooseBVarAt_toLean' depends on axioms: [propext]
info: ProofScriptKernelEquivalence/Projection.lean:192:0: 'ProofScriptKernelEquivalence.Projection.fieldWalk_sound' depends on axioms: [propext]
info: ProofScriptKernelEquivalence/Projection.lean:193:0: 'ProofScriptKernelEquivalence.Projection.mkApps_toLean' does not depend on any axioms
info: ProofScriptKernelEquivalence/Projection.lean:194:0: 'ProofScriptKernelEquivalence.Projection.iota_sound' depends on axioms: [propext]
⚠ [19/44] Built ProofScriptKernelEquivalence.DeclarationOrdinary (1.3s)
warning: ProofScriptKernelEquivalence/DeclarationOrdinary.lean:124:18: This simp argument is unused:
  h

Hint: Omit it from the simp argument list.
  [apply] simp

Note: This linter can be disabled with `set_option linter.unusedSimpArgs false`
warning: ProofScriptKernelEquivalence/DeclarationOrdinary.lean:126:17: This simp argument is unused:
  h

Hint: Omit it from the simp argument list.
  [apply] simp only [Option.map_some]

Note: This linter can be disabled with `set_option linter.unusedSimpArgs false`
warning: ProofScriptKernelEquivalence/DeclarationOrdinary.lean:186:18: This simp argument is unused:
  hfind

Hint: Omit it from the simp argument list.
  [apply] simp

Note: This linter can be disabled with `set_option linter.unusedSimpArgs false`
warning: ProofScriptKernelEquivalence/DeclarationOrdinary.lean:188:17: This simp argument is unused:
  hfind

Hint: Omit it from the simp argument list.
  [apply] simp only [Option.map_some, transparentValue_toLean, PSOrdDecl.toLeanInfo_levelParams, List.length_map]

Note: This linter can be disabled with `set_option linter.unusedSimpArgs false`
warning: ProofScriptKernelEquivalence/DeclarationOrdinary.lean:191:22: This simp argument is unused:
  hv

Hint: Omit it from the simp argument list.
  [apply] simp

Note: This linter can be disabled with `set_option linter.unusedSimpArgs false`
warning: ProofScriptKernelEquivalence/DeclarationOrdinary.lean:193:21: This simp argument is unused:
  hv

Hint: Omit it from the simp argument list.
  [apply] simp only [Option.map_some]

Note: This linter can be disabled with `set_option linter.unusedSimpArgs false`
info: ProofScriptKernelEquivalence/DeclarationOrdinary.lean:211:0: 'ProofScriptKernelEquivalence.DeclarationOrdinary.find_toLean' depends on axioms: [propext]
info: ProofScriptKernelEquivalence/DeclarationOrdinary.lean:212:0: 'ProofScriptKernelEquivalence.DeclarationOrdinary.typeLookup_exact' depends on axioms: [propext, Quot.sound]
info: ProofScriptKernelEquivalence/DeclarationOrdinary.lean:213:0: 'ProofScriptKernelEquivalence.DeclarationOrdinary.directEnvSound' depends on axioms: [propext, Quot.sound]
info: ProofScriptKernelEquivalence/DeclarationOrdinary.lean:214:0: 'ProofScriptKernelEquivalence.DeclarationOrdinary.unfoldLookup_exact' depends on axioms: [propext, Quot.sound]
info: ProofScriptKernelEquivalence/DeclarationOrdinary.lean:215:0: 'ProofScriptKernelEquivalence.DeclarationOrdinary.deltaEnvExact' depends on axioms: [propext, Quot.sound]
ℹ [20/44] Built ProofScriptKernelEquivalence.ReductionOrdinary (1.3s)
info: ProofScriptKernelEquivalence/ReductionOrdinary.lean:77:0: 'ProofScriptKernelEquivalence.OrdinaryReduction.step_sound' depends on axioms: [propext]
info: ProofScriptKernelEquivalence/ReductionOrdinary.lean:78:0: 'ProofScriptKernelEquivalence.OrdinaryReduction.steps_sound' depends on axioms: [propext]
ℹ [21/44] Built ProofScriptKernelEquivalence.Quotient (1.1s)
info: ProofScriptKernelEquivalence/Quotient.lean:113:0: 'ProofScriptKernelEquivalence.Quotient.name_eq' does not depend on any axioms
info: ProofScriptKernelEquivalence/Quotient.lean:114:0: 'ProofScriptKernelEquivalence.Quotient.levelParams_eq' does not depend on any axioms
info: ProofScriptKernelEquivalence/Quotient.lean:115:0: 'ProofScriptKernelEquivalence.Quotient.type_eq' does not depend on any axioms
info: ProofScriptKernelEquivalence/Quotient.lean:116:0: 'ProofScriptKernelEquivalence.Quotient.kind_eq' does not depend on any axioms
info: ProofScriptKernelEquivalence/Quotient.lean:117:0: 'ProofScriptKernelEquivalence.Quotient.iota_sound' depends on axioms: [propext]
ℹ [22/44] Built ProofScriptKernelEquivalence.RecursorDirect (1.3s)
info: ProofScriptKernelEquivalence/RecursorDirect.lean:110:0: 'ProofScriptKernelEquivalence.RecursorDirect.directIH_sound' depends on axioms: [propext]
info: ProofScriptKernelEquivalence/RecursorDirect.lean:111:0: 'ProofScriptKernelEquivalence.RecursorDirect.iota_sound' depends on axioms: [propext]
info: ProofScriptKernelEquivalence/RecursorDirect.lean:112:0: 'ProofScriptKernelEquivalence.RecursorDirect.kMajor_sound' does not depend on any axioms
ℹ [23/44] Built ProofScriptKernelEquivalence.DefEqOrdinary (1.1s)
info: ProofScriptKernelEquivalence/DefEqOrdinary.lean:128:0: 'ProofScriptKernelEquivalence.OrdinaryDefEq.etaExpansion_toLean' depends on axioms: [propext]
info: ProofScriptKernelEquivalence/DefEqOrdinary.lean:129:0: 'ProofScriptKernelEquivalence.OrdinaryDefEq.sound' depends on axioms: [propext]
⚠ [24/44] Built ProofScriptKernelEquivalence.DeclarationEnvironment (1.1s)
warning: ProofScriptKernelEquivalence/DeclarationEnvironment.lean:180:18: This simp argument is unused:
  h

Hint: Omit it from the simp argument list.
  [apply] simp

Note: This linter can be disabled with `set_option linter.unusedSimpArgs false`
warning: ProofScriptKernelEquivalence/DeclarationEnvironment.lean:182:17: This simp argument is unused:
  h

Hint: Omit it from the simp argument list.
  [apply] simp only [Option.map_some]

Note: This linter can be disabled with `set_option linter.unusedSimpArgs false`
warning: ProofScriptKernelEquivalence/DeclarationEnvironment.lean:232:18: This simp argument is unused:
  hfind

Hint: Omit it from the simp argument list.
  [apply] simp

Note: This linter can be disabled with `set_option linter.unusedSimpArgs false`
warning: ProofScriptKernelEquivalence/DeclarationEnvironment.lean:234:17: This simp argument is unused:
  hfind

Hint: Omit it from the simp argument list.
  [apply] simp only [Option.map_some, PSEntry.transparentValue_toLean, PSEntry.toLeanInfo_levelParams, List.length_map]

Note: This linter can be disabled with `set_option linter.unusedSimpArgs false`
warning: ProofScriptKernelEquivalence/DeclarationEnvironment.lean:237:22: This simp argument is unused:
  hv

Hint: Omit it from the simp argument list.
  [apply] simp

Note: This linter can be disabled with `set_option linter.unusedSimpArgs false`
warning: ProofScriptKernelEquivalence/DeclarationEnvironment.lean:239:21: This simp argument is unused:
  hv

Hint: Omit it from the simp argument list.
  [apply] simp only [Option.map_some]

Note: This linter can be disabled with `set_option linter.unusedSimpArgs false`
info: ProofScriptKernelEquivalence/DeclarationEnvironment.lean:308:0: 'ProofScriptKernelEquivalence.DeclarationEnvironment.PSEntry.quotient_corresponds' does not depend on any axioms
info: ProofScriptKernelEquivalence/DeclarationEnvironment.lean:309:0: 'ProofScriptKernelEquivalence.DeclarationEnvironment.find_toLean' depends on axioms: [propext]
info: ProofScriptKernelEquivalence/DeclarationEnvironment.lean:310:0: 'ProofScriptKernelEquivalence.DeclarationEnvironment.installMany_preserves' does not depend on any axioms
info: ProofScriptKernelEquivalence/DeclarationEnvironment.lean:311:0: 'ProofScriptKernelEquivalence.DeclarationEnvironment.typeLookup_exact' depends on axioms: [propext, Quot.sound]
info: ProofScriptKernelEquivalence/DeclarationEnvironment.lean:312:0: 'ProofScriptKernelEquivalence.DeclarationEnvironment.directEnvSound' depends on axioms: [propext, Quot.sound]
info: ProofScriptKernelEquivalence/DeclarationEnvironment.lean:313:0: 'ProofScriptKernelEquivalence.DeclarationEnvironment.unfoldLookup_exact' depends on axioms: [propext, Quot.sound]
info: ProofScriptKernelEquivalence/DeclarationEnvironment.lean:314:0: 'ProofScriptKernelEquivalence.DeclarationEnvironment.deltaEnvExact' depends on axioms: [propext, Quot.sound]
info: ProofScriptKernelEquivalence/DeclarationEnvironment.lean:315:0: 'ProofScriptKernelEquivalence.DeclarationEnvironment.quotReady_toLean' depends on axioms: [propext]
info: ProofScriptKernelEquivalence/DeclarationEnvironment.lean:316:0: 'ProofScriptKernelEquivalence.DeclarationEnvironment.quotientBatch_preserves' does not depend on any axioms
ℹ [25/44] Built ProofScriptKernelEquivalence.RecursorIndexed (862ms)
info: ProofScriptKernelEquivalence/RecursorIndexed.lean:124:0: 'ProofScriptKernelEquivalence.RecursorIndexed.indexedIH_sound' depends on axioms: [propext]
info: ProofScriptKernelEquivalence/RecursorIndexed.lean:125:0: 'ProofScriptKernelEquivalence.RecursorIndexed.indexedIota_sound' depends on axioms: [propext]
info: ProofScriptKernelEquivalence/RecursorIndexed.lean:126:0: 'ProofScriptKernelEquivalence.RecursorIndexed.recursiveOccurrence_index_arity' does not depend on any axioms
ℹ [26/44] Built ProofScriptKernelEquivalence.InductiveMutualFormedEnvironment (943ms)
info: ProofScriptKernelEquivalence/InductiveMutualFormedEnvironment.lean:129:0: 'ProofScriptKernelEquivalence.InductiveMutualFormedEnvironment.PSMutualPackage.has_at_least_two_members' does not depend on any axioms
info: ProofScriptKernelEquivalence/InductiveMutualFormedEnvironment.lean:130:0: 'ProofScriptKernelEquivalence.InductiveMutualFormedEnvironment.PSMutualPackage.install_preserves' does not depend on any axioms
info: ProofScriptKernelEquivalence/InductiveMutualFormedEnvironment.lean:131:0: 'ProofScriptKernelEquivalence.InductiveMutualFormedEnvironment.installMutualPackages_preserves' does not depend on any axioms
info: ProofScriptKernelEquivalence/InductiveMutualFormedEnvironment.lean:132:0: 'ProofScriptKernelEquivalence.InductiveMutualFormedEnvironment.directEnvSound_afterMutualPackages' depends on axioms: [propext,
 Quot.sound]
info: ProofScriptKernelEquivalence/InductiveMutualFormedEnvironment.lean:133:0: 'ProofScriptKernelEquivalence.InductiveMutualFormedEnvironment.deltaEnvExact_afterMutualPackages' depends on axioms: [propext,
 Quot.sound]
info: ProofScriptKernelEquivalence/InductiveMutualFormedEnvironment.lean:134:0: 'ProofScriptKernelEquivalence.InductiveMutualFormedEnvironment.typeLookup_afterMutualPackages_exact' depends on axioms: [propext,
 Quot.sound]
info: ProofScriptKernelEquivalence/InductiveMutualFormedEnvironment.lean:135:0: 'ProofScriptKernelEquivalence.InductiveMutualFormedEnvironment.unfoldLookup_afterMutualPackages_exact' depends on axioms: [propext,
 Quot.sound]
info: ProofScriptKernelEquivalence/InductiveMutualFormedEnvironment.lean:136:0: 'ProofScriptKernelEquivalence.InductiveMutualFormedEnvironment.formedMutualWholeEnvironment_sound' depends on axioms: [propext,
 Quot.sound]
⚠ [27/44] Built ProofScriptKernelEquivalence.TypingConversion (1.3s)
warning: ProofScriptKernelEquivalence/TypingConversion.lean:95:2: try 'simp' instead of 'simpa'

Note: This linter can be disabled with `set_option linter.unnecessarySimpa false`
info: ProofScriptKernelEquivalence/TypingConversion.lean:137:0: 'ProofScriptKernelEquivalence.ConversionTyping.typing_sound' depends on axioms: [propext]
ℹ [28/44] Built ProofScriptKernelEquivalence.InductiveNestedFormedEnvironment (1.3s)
info: ProofScriptKernelEquivalence/InductiveNestedFormedEnvironment.lean:131:0: 'ProofScriptKernelEquivalence.InductiveNestedFormedEnvironment.PSNestedPackage.has_nonempty_helper_chain' does not depend on any axioms
info: ProofScriptKernelEquivalence/InductiveNestedFormedEnvironment.lean:132:0: 'ProofScriptKernelEquivalence.InductiveNestedFormedEnvironment.PSNestedPackage.install_preserves' does not depend on any axioms
info: ProofScriptKernelEquivalence/InductiveNestedFormedEnvironment.lean:133:0: 'ProofScriptKernelEquivalence.InductiveNestedFormedEnvironment.installNestedPackages_preserves' does not depend on any axioms
info: ProofScriptKernelEquivalence/InductiveNestedFormedEnvironment.lean:134:0: 'ProofScriptKernelEquivalence.InductiveNestedFormedEnvironment.directEnvSound_afterNestedPackages' depends on axioms: [propext,
 Quot.sound]
info: ProofScriptKernelEquivalence/InductiveNestedFormedEnvironment.lean:135:0: 'ProofScriptKernelEquivalence.InductiveNestedFormedEnvironment.deltaEnvExact_afterNestedPackages' depends on axioms: [propext,
 Quot.sound]
info: ProofScriptKernelEquivalence/InductiveNestedFormedEnvironment.lean:136:0: 'ProofScriptKernelEquivalence.InductiveNestedFormedEnvironment.typeLookup_afterNestedPackages_exact' depends on axioms: [propext,
 Quot.sound]
info: ProofScriptKernelEquivalence/InductiveNestedFormedEnvironment.lean:137:0: 'ProofScriptKernelEquivalence.InductiveNestedFormedEnvironment.unfoldLookup_afterNestedPackages_exact' depends on axioms: [propext,
 Quot.sound]
info: ProofScriptKernelEquivalence/InductiveNestedFormedEnvironment.lean:138:0: 'ProofScriptKernelEquivalence.InductiveNestedFormedEnvironment.formedNestedWholeEnvironment_sound' depends on axioms: [propext,
 Quot.sound]
ℹ [29/44] Built ProofScriptKernelEquivalence.InductiveNonMutualIntegration (1.2s)
info: ProofScriptKernelEquivalence/InductiveNonMutualIntegration.lean:199:0: 'ProofScriptKernelEquivalence.InductiveNonMutualIntegration.fieldUniverseOK_sound' depends on axioms: [propext]
info: ProofScriptKernelEquivalence/InductiveNonMutualIntegration.lean:200:0: 'ProofScriptKernelEquivalence.InductiveNonMutualIntegration.uniformParamDefEq_sound' depends on axioms: [propext]
info: ProofScriptKernelEquivalence/InductiveNonMutualIntegration.lean:201:0: 'ProofScriptKernelEquivalence.InductiveNonMutualIntegration.integratedField_sound' depends on axioms: [propext,
 Quot.sound]
info: ProofScriptKernelEquivalence/InductiveNonMutualIntegration.lean:202:0: 'ProofScriptKernelEquivalence.InductiveNonMutualIntegration.recursorExtensional_before_toLean' depends on axioms: [propext]
info: ProofScriptKernelEquivalence/InductiveNonMutualIntegration.lean:203:0: 'ProofScriptKernelEquivalence.InductiveNonMutualIntegration.recursorExtensional_after_toLean' depends on axioms: [propext]
info: ProofScriptKernelEquivalence/InductiveNonMutualIntegration.lean:204:0: 'ProofScriptKernelEquivalence.InductiveNonMutualIntegration.nonMutualSlice_ctorResult_toLean' depends on axioms: [propext,
 Quot.sound]
info: ProofScriptKernelEquivalence/InductiveNonMutualIntegration.lean:205:0: 'ProofScriptKernelEquivalence.InductiveNonMutualIntegration.nonMutualSlice_levels_toLean' depends on axioms: [propext,
 Quot.sound]
ℹ [30/44] Built ProofScriptKernelEquivalence.RecursorNonMutualGenerated (1.1s)
info: ProofScriptKernelEquivalence/RecursorNonMutualGenerated.lean:261:0: 'ProofScriptKernelEquivalence.RecursorNonMutualGenerated.recursorResult_toLean' depends on axioms: [propext]
info: ProofScriptKernelEquivalence/RecursorNonMutualGenerated.lean:262:0: 'ProofScriptKernelEquivalence.RecursorNonMutualGenerated.recursorMajorType_toLean' depends on axioms: [propext]
info: ProofScriptKernelEquivalence/RecursorNonMutualGenerated.lean:263:0: 'ProofScriptKernelEquivalence.RecursorNonMutualGenerated.recursorTypeSpine_toLean' depends on axioms: [propext]
info: ProofScriptKernelEquivalence/RecursorNonMutualGenerated.lean:264:0: 'ProofScriptKernelEquivalence.RecursorNonMutualGenerated.generatedRecursorTypeExpr_toLean' depends on axioms: [propext]
info: ProofScriptKernelEquivalence/RecursorNonMutualGenerated.lean:265:0: 'ProofScriptKernelEquivalence.RecursorNonMutualGenerated.generatedMinorTypeExpr_toLean' depends on axioms: [propext]
info: ProofScriptKernelEquivalence/RecursorNonMutualGenerated.lean:266:0: 'ProofScriptKernelEquivalence.RecursorNonMutualGenerated.generatedRule_minorType_toLean' depends on axioms: [propext]
info: ProofScriptKernelEquivalence/RecursorNonMutualGenerated.lean:267:0: 'ProofScriptKernelEquivalence.RecursorNonMutualGenerated.generatedRule_iota_before_toLean' depends on axioms: [propext]
info: ProofScriptKernelEquivalence/RecursorNonMutualGenerated.lean:268:0: 'ProofScriptKernelEquivalence.RecursorNonMutualGenerated.generatedRule_iota_after_toLean' depends on axioms: [propext]
info: ProofScriptKernelEquivalence/RecursorNonMutualGenerated.lean:269:0: 'ProofScriptKernelEquivalence.RecursorNonMutualGenerated.generatedRecursor_declType_toLean' depends on axioms: [propext]
info: ProofScriptKernelEquivalence/RecursorNonMutualGenerated.lean:270:0: 'ProofScriptKernelEquivalence.RecursorNonMutualGenerated.generatedRecursor_ruleCount_toLean' depends on axioms: [propext]
info: ProofScriptKernelEquivalence/RecursorNonMutualGenerated.lean:271:0: 'ProofScriptKernelEquivalence.RecursorNonMutualGenerated.generatedRecursor_ruleKeys_toLean' depends on axioms: [propext,
 Quot.sound]
info: ProofScriptKernelEquivalence/RecursorNonMutualGenerated.lean:272:0: 'ProofScriptKernelEquivalence.RecursorNonMutualGenerated.generatedRecursor_rules_sound' depends on axioms: [propext,
 Quot.sound]
ℹ [31/44] Built ProofScriptKernelEquivalence.EnvironmentNonMutualInduction (820ms)
info: ProofScriptKernelEquivalence/EnvironmentNonMutualInduction.lean:147:0: 'ProofScriptKernelEquivalence.EnvironmentNonMutualInduction.PSNonMutualPackage.generatedRecursors_sound' depends on axioms: [propext,
 Quot.sound]
info: ProofScriptKernelEquivalence/EnvironmentNonMutualInduction.lean:148:0: 'ProofScriptKernelEquivalence.EnvironmentNonMutualInduction.installPackage_preserves' does not depend on any axioms
info: ProofScriptKernelEquivalence/EnvironmentNonMutualInduction.lean:149:0: 'ProofScriptKernelEquivalence.EnvironmentNonMutualInduction.installPackages_preserves' does not depend on any axioms
info: ProofScriptKernelEquivalence/EnvironmentNonMutualInduction.lean:150:0: 'ProofScriptKernelEquivalence.EnvironmentNonMutualInduction.directEnvSound_afterPackages' depends on axioms: [propext,
 Quot.sound]
info: ProofScriptKernelEquivalence/EnvironmentNonMutualInduction.lean:151:0: 'ProofScriptKernelEquivalence.EnvironmentNonMutualInduction.deltaEnvExact_afterPackages' depends on axioms: [propext,
 Quot.sound]
info: ProofScriptKernelEquivalence/EnvironmentNonMutualInduction.lean:152:0: 'ProofScriptKernelEquivalence.EnvironmentNonMutualInduction.typeLookup_afterPackages_exact' depends on axioms: [propext,
 Quot.sound]
info: ProofScriptKernelEquivalence/EnvironmentNonMutualInduction.lean:153:0: 'ProofScriptKernelEquivalence.EnvironmentNonMutualInduction.unfoldLookup_afterPackages_exact' depends on axioms: [propext,
 Quot.sound]
info: ProofScriptKernelEquivalence/EnvironmentNonMutualInduction.lean:154:0: 'ProofScriptKernelEquivalence.EnvironmentNonMutualInduction.nonMutualWholeEnvironment_sound' depends on axioms: [propext,
 Quot.sound]
ℹ [32/44] Built ProofScriptKernelEquivalence.InductiveNonMutualGenericAdmission (1.0s)
info: ProofScriptKernelEquivalence/InductiveNonMutualGenericAdmission.lean:219:0: 'ProofScriptKernelEquivalence.InductiveNonMutualGenericAdmission.rawCtor_toLean_name' does not depend on any axioms
info: ProofScriptKernelEquivalence/InductiveNonMutualGenericAdmission.lean:220:0: 'ProofScriptKernelEquivalence.InductiveNonMutualGenericAdmission.rawCtor_toLean_type' does not depend on any axioms
info: ProofScriptKernelEquivalence/InductiveNonMutualGenericAdmission.lean:221:0: 'ProofScriptKernelEquivalence.InductiveNonMutualGenericAdmission.genericCtorBody_sound' depends on axioms: [propext,
 Quot.sound]
info: ProofScriptKernelEquivalence/InductiveNonMutualGenericAdmission.lean:222:0: 'ProofScriptKernelEquivalence.InductiveNonMutualGenericAdmission.genericCtorAdmission_sound' depends on axioms: [propext,
 Quot.sound]
info: ProofScriptKernelEquivalence/InductiveNonMutualGenericAdmission.lean:223:0: 'ProofScriptKernelEquivalence.InductiveNonMutualGenericAdmission.genericNonMutualAdmission_sound' depends on axioms: [propext,
 Quot.sound]
info: ProofScriptKernelEquivalence/InductiveNonMutualGenericAdmission.lean:224:0: 'ProofScriptKernelEquivalence.InductiveNonMutualGenericAdmission.genericPackage_install_preserves' depends on axioms: [propext]
info: ProofScriptKernelEquivalence/InductiveNonMutualGenericAdmission.lean:225:0: 'ProofScriptKernelEquivalence.InductiveNonMutualGenericAdmission.genericPackages_wholeEnvironment_sound' depends on axioms: [propext,
 Quot.sound]
ℹ [33/44] Built ProofScriptKernelEquivalence.InductiveFormedEnvironmentGeneralization (986ms)
info: ProofScriptKernelEquivalence/InductiveFormedEnvironmentGeneralization.lean:159:0: 'ProofScriptKernelEquivalence.InductiveFormedEnvironmentGeneralization.PSFormedInductivePackage.install_preserves' does not depend on any axioms
info: ProofScriptKernelEquivalence/InductiveFormedEnvironmentGeneralization.lean:160:0: 'ProofScriptKernelEquivalence.InductiveFormedEnvironmentGeneralization.PSFormedInductivePackage.recursorBoundary_sound' depends on axioms: [propext,
 Quot.sound]
info: ProofScriptKernelEquivalence/InductiveFormedEnvironmentGeneralization.lean:161:0: 'ProofScriptKernelEquivalence.InductiveFormedEnvironmentGeneralization.installFormedPackages_preserves' does not depend on any axioms
info: ProofScriptKernelEquivalence/InductiveFormedEnvironmentGeneralization.lean:162:0: 'ProofScriptKernelEquivalence.InductiveFormedEnvironmentGeneralization.directEnvSound_afterFormedPackages' depends on axioms: [propext,
 Quot.sound]
info: ProofScriptKernelEquivalence/InductiveFormedEnvironmentGeneralization.lean:163:0: 'ProofScriptKernelEquivalence.InductiveFormedEnvironmentGeneralization.deltaEnvExact_afterFormedPackages' depends on axioms: [propext,
 Quot.sound]
info: ProofScriptKernelEquivalence/InductiveFormedEnvironmentGeneralization.lean:164:0: 'ProofScriptKernelEquivalence.InductiveFormedEnvironmentGeneralization.typeLookup_afterFormedPackages_exact' depends on axioms: [propext,
 Quot.sound]
info: ProofScriptKernelEquivalence/InductiveFormedEnvironmentGeneralization.lean:165:0: 'ProofScriptKernelEquivalence.InductiveFormedEnvironmentGeneralization.unfoldLookup_afterFormedPackages_exact' depends on axioms: [propext,
 Quot.sound]
info: ProofScriptKernelEquivalence/InductiveFormedEnvironmentGeneralization.lean:166:0: 'ProofScriptKernelEquivalence.InductiveFormedEnvironmentGeneralization.recursorBoundary_afterFormedPackages' depends on axioms: [propext,
 Quot.sound]
info: ProofScriptKernelEquivalence/InductiveFormedEnvironmentGeneralization.lean:167:0: 'ProofScriptKernelEquivalence.InductiveFormedEnvironmentGeneralization.formedInductiveWholeEnvironment_sound' depends on axioms: [propext,
 Quot.sound]
ℹ [34/44] Built ProofScriptKernelEquivalence.InductiveNonMutualClassifierCorrespondence (1.1s)
info: ProofScriptKernelEquivalence/InductiveNonMutualClassifierCorrespondence.lean:125:0: 'ProofScriptKernelEquivalence.InductiveNonMutualClassifierCorrespondence.ctorWitness_to_genericAdmission' depends on axioms: [propext]
info: ProofScriptKernelEquivalence/InductiveNonMutualClassifierCorrespondence.lean:126:0: 'ProofScriptKernelEquivalence.InductiveNonMutualClassifierCorrespondence.ctorClassifier_sound' depends on axioms: [propext,
 Quot.sound]
info: ProofScriptKernelEquivalence/InductiveNonMutualClassifierCorrespondence.lean:127:0: 'ProofScriptKernelEquivalence.InductiveNonMutualClassifierCorrespondence.familyWitness_to_genericAdmission' depends on axioms: [propext]
info: ProofScriptKernelEquivalence/InductiveNonMutualClassifierCorrespondence.lean:128:0: 'ProofScriptKernelEquivalence.InductiveNonMutualClassifierCorrespondence.familyClassifier_sound' depends on axioms: [propext,
 Quot.sound]
info: ProofScriptKernelEquivalence/InductiveNonMutualClassifierCorrespondence.lean:129:0: 'ProofScriptKernelEquivalence.InductiveNonMutualClassifierCorrespondence.classifier_rawAdmission_sound' depends on axioms: [propext,
 Quot.sound]
info: ProofScriptKernelEquivalence/InductiveNonMutualClassifierCorrespondence.lean:130:0: 'ProofScriptKernelEquivalence.InductiveNonMutualClassifierCorrespondence.classifierPackage_install_preserves' depends on axioms: [propext]
info: ProofScriptKernelEquivalence/InductiveNonMutualClassifierCorrespondence.lean:131:0: 'ProofScriptKernelEquivalence.InductiveNonMutualClassifierCorrespondence.classifierPackages_wholeEnvironment_sound' depends on axioms: [propext,
 Quot.sound]
ℹ [35/44] Built ProofScriptKernelEquivalence.RecursorMutualNestedRHSCorrespondence (1.2s)
info: ProofScriptKernelEquivalence/RecursorMutualNestedRHSCorrespondence.lean:223:0: 'ProofScriptKernelEquivalence.RecursorMutualNestedRHSCorrespondence.rhsStep_toLean' depends on axioms: [propext]
info: ProofScriptKernelEquivalence/RecursorMutualNestedRHSCorrespondence.lean:224:0: 'ProofScriptKernelEquivalence.RecursorMutualNestedRHSCorrespondence.rhsTrace_toLean' depends on axioms: [propext]
info: ProofScriptKernelEquivalence/RecursorMutualNestedRHSCorrespondence.lean:225:0: 'ProofScriptKernelEquivalence.RecursorMutualNestedRHSCorrespondence.rhsTrace_eval_toLean' depends on axioms: [propext]
info: ProofScriptKernelEquivalence/RecursorMutualNestedRHSCorrespondence.lean:226:0: 'ProofScriptKernelEquivalence.RecursorMutualNestedRHSCorrespondence.linkedRHS_toLean' depends on axioms: [propext]
info: ProofScriptKernelEquivalence/RecursorMutualNestedRHSCorrespondence.lean:227:0: 'ProofScriptKernelEquivalence.RecursorMutualNestedRHSCorrespondence.mutualRHSBoundary_sound' depends on axioms: [propext]
info: ProofScriptKernelEquivalence/RecursorMutualNestedRHSCorrespondence.lean:228:0: 'ProofScriptKernelEquivalence.RecursorMutualNestedRHSCorrespondence.nestedRHSBoundary_sound' depends on axioms: [propext]
info: ProofScriptKernelEquivalence/RecursorMutualNestedRHSCorrespondence.lean:229:0: 'ProofScriptKernelEquivalence.RecursorMutualNestedRHSCorrespondence.mixedRHSBoundary_sound' depends on axioms: [propext]
info: ProofScriptKernelEquivalence/RecursorMutualNestedRHSCorrespondence.lean:230:0: 'ProofScriptKernelEquivalence.RecursorMutualNestedRHSCorrespondence.allMixedRHSBoundaries_sound' depends on axioms: [propext]
info: ProofScriptKernelEquivalence/RecursorMutualNestedRHSCorrespondence.lean:231:0: 'ProofScriptKernelEquivalence.RecursorMutualNestedRHSCorrespondence.formedEnvironmentWithRHS_sound' depends on axioms: [propext,
 Quot.sound]
ℹ [36/44] Built ProofScriptKernelEquivalence.InductiveClassifierImplementationTrace (794ms)
info: ProofScriptKernelEquivalence/InductiveClassifierImplementationTrace.lean:137:0: 'ProofScriptKernelEquivalence.InductiveClassifierImplementationTrace.constructorTrace_to_witness' depends on axioms: [propext]
info: ProofScriptKernelEquivalence/InductiveClassifierImplementationTrace.lean:138:0: 'ProofScriptKernelEquivalence.InductiveClassifierImplementationTrace.constructorTrace_to_genericAdmission' depends on axioms: [propext]
info: ProofScriptKernelEquivalence/InductiveClassifierImplementationTrace.lean:139:0: 'ProofScriptKernelEquivalence.InductiveClassifierImplementationTrace.constructorTrace_sound' depends on axioms: [propext,
 Quot.sound]
info: ProofScriptKernelEquivalence/InductiveClassifierImplementationTrace.lean:140:0: 'ProofScriptKernelEquivalence.InductiveClassifierImplementationTrace.familyTrace_to_genericAdmission' depends on axioms: [propext]
info: ProofScriptKernelEquivalence/InductiveClassifierImplementationTrace.lean:141:0: 'ProofScriptKernelEquivalence.InductiveClassifierImplementationTrace.familyTrace_sound' depends on axioms: [propext,
 Quot.sound]
info: ProofScriptKernelEquivalence/InductiveClassifierImplementationTrace.lean:142:0: 'ProofScriptKernelEquivalence.InductiveClassifierImplementationTrace.implementationPackage_rawAdmission_sound' depends on axioms: [propext,
 Quot.sound]
info: ProofScriptKernelEquivalence/InductiveClassifierImplementationTrace.lean:143:0: 'ProofScriptKernelEquivalence.InductiveClassifierImplementationTrace.implementationPackage_install_preserves' depends on axioms: [propext]
info: ProofScriptKernelEquivalence/InductiveClassifierImplementationTrace.lean:144:0: 'ProofScriptKernelEquivalence.InductiveClassifierImplementationTrace.implementationPackages_wholeEnvironment_sound' depends on axioms: [propext,
 Quot.sound]
ℹ [37/44] Built ProofScriptKernelEquivalence.KernelV71AdmissionBoundary (1.3s)
info: ProofScriptKernelEquivalence/KernelV71AdmissionBoundary.lean:193:0: 'ProofScriptKernelEquivalence.KernelV71AdmissionBoundary.completedSlices_count' does not depend on any axioms
info: ProofScriptKernelEquivalence/KernelV71AdmissionBoundary.lean:194:0: 'ProofScriptKernelEquivalence.KernelV71AdmissionBoundary.outstandingK3Obligations_count' does not depend on any axioms
info: ProofScriptKernelEquivalence/KernelV71AdmissionBoundary.lean:195:0: 'ProofScriptKernelEquivalence.KernelV71AdmissionBoundary.nonMutualImplementationPackages_rawAdmission_sound' depends on axioms: [propext,
 Quot.sound]
info: ProofScriptKernelEquivalence/KernelV71AdmissionBoundary.lean:196:0: 'ProofScriptKernelEquivalence.KernelV71AdmissionBoundary.nonMutualImplementationPackages_environment_sound' depends on axioms: [propext,
 Quot.sound]
info: ProofScriptKernelEquivalence/KernelV71AdmissionBoundary.lean:197:0: 'ProofScriptKernelEquivalence.KernelV71AdmissionBoundary.formedEnvironmentLinkedRHS_sound' depends on axioms: [propext,
 Quot.sound]
info: ProofScriptKernelEquivalence/KernelV71AdmissionBoundary.lean:198:0: 'ProofScriptKernelEquivalence.KernelV71AdmissionBoundary.v71AdmissionBoundary_sound' depends on axioms: [propext,
 Quot.sound]
ℹ [38/44] Built ProofScriptKernelEquivalence.KernelV71MutualAdmissionCompletenessBoundary (1.2s)
info: ProofScriptKernelEquivalence/KernelV71MutualAdmissionCompletenessBoundary.lean:166:0: 'ProofScriptKernelEquivalence.KernelV71MutualAdmissionCompletenessBoundary.completedMutualAdmissionSlices_count' does not depend on any axioms
info: ProofScriptKernelEquivalence/KernelV71MutualAdmissionCompletenessBoundary.lean:167:0: 'ProofScriptKernelEquivalence.KernelV71MutualAdmissionCompletenessBoundary.outstandingMutualAdmissionObligations_count' does not depend on any axioms
info: ProofScriptKernelEquivalence/KernelV71MutualAdmissionCompletenessBoundary.lean:168:0: 'ProofScriptKernelEquivalence.KernelV71MutualAdmissionCompletenessBoundary.k3OverallProgress_percent' does not depend on any axioms
info: ProofScriptKernelEquivalence/KernelV71MutualAdmissionCompletenessBoundary.lean:169:0: 'ProofScriptKernelEquivalence.KernelV71MutualAdmissionCompletenessBoundary.mutualFormedEnvironment_sound' depends on axioms: [propext,
 Quot.sound]
info: ProofScriptKernelEquivalence/KernelV71MutualAdmissionCompletenessBoundary.lean:170:0: 'ProofScriptKernelEquivalence.KernelV71MutualAdmissionCompletenessBoundary.mixedFormedLinkedRHS_sound' depends on axioms: [propext,
 Quot.sound]
info: ProofScriptKernelEquivalence/KernelV71MutualAdmissionCompletenessBoundary.lean:171:0: 'ProofScriptKernelEquivalence.KernelV71MutualAdmissionCompletenessBoundary.v71MutualAdmissionCompletenessBoundary_sound' depends on axioms: [propext,
 Quot.sound]
ℹ [39/44] Built ProofScriptKernelEquivalence.KernelV71NestedPreprocessingCompletenessBoundary (966ms)
info: ProofScriptKernelEquivalence/KernelV71NestedPreprocessingCompletenessBoundary.lean:176:0: 'ProofScriptKernelEquivalence.KernelV71NestedPreprocessingCompletenessBoundary.completedNestedPreprocessingSlices_count' does not depend on any axioms
info: ProofScriptKernelEquivalence/KernelV71NestedPreprocessingCompletenessBoundary.lean:177:0: 'ProofScriptKernelEquivalence.KernelV71NestedPreprocessingCompletenessBoundary.outstandingNestedPreprocessingObligations_count' does not depend on any axioms
info: ProofScriptKernelEquivalence/KernelV71NestedPreprocessingCompletenessBoundary.lean:178:0: 'ProofScriptKernelEquivalence.KernelV71NestedPreprocessingCompletenessBoundary.k3OverallProgress_percent' does not depend on any axioms
info: ProofScriptKernelEquivalence/KernelV71NestedPreprocessingCompletenessBoundary.lean:179:0: 'ProofScriptKernelEquivalence.KernelV71NestedPreprocessingCompletenessBoundary.nestedFormedEnvironment_sound' depends on axioms: [propext,
 Quot.sound]
info: ProofScriptKernelEquivalence/KernelV71NestedPreprocessingCompletenessBoundary.lean:180:0: 'ProofScriptKernelEquivalence.KernelV71NestedPreprocessingCompletenessBoundary.mixedFormedLinkedRHS_sound' depends on axioms: [propext,
 Quot.sound]
info: ProofScriptKernelEquivalence/KernelV71NestedPreprocessingCompletenessBoundary.lean:181:0: 'ProofScriptKernelEquivalence.KernelV71NestedPreprocessingCompletenessBoundary.inheritedMutualAdmissionProgress_prior' does not depend on any axioms
info: ProofScriptKernelEquivalence/KernelV71NestedPreprocessingCompletenessBoundary.lean:182:0: 'ProofScriptKernelEquivalence.KernelV71NestedPreprocessingCompletenessBoundary.v71NestedPreprocessingCompletenessBoundary_sound' depends on axioms: [propext,
 Quot.sound]
ℹ [40/44] Built ProofScriptKernelEquivalence.KernelV71TSNestedPreprocessorRefinementBoundary (847ms)
info: ProofScriptKernelEquivalence/KernelV71TSNestedPreprocessorRefinementBoundary.lean:150:0: 'ProofScriptKernelEquivalence.KernelV71TSNestedPreprocessorRefinementBoundary.completedTSNestedPreprocessorSlices_count' does not depend on any axioms
info: ProofScriptKernelEquivalence/KernelV71TSNestedPreprocessorRefinementBoundary.lean:151:0: 'ProofScriptKernelEquivalence.KernelV71TSNestedPreprocessorRefinementBoundary.outstandingTSNestedPreprocessorObligations_count' does not depend on any axioms
info: ProofScriptKernelEquivalence/KernelV71TSNestedPreprocessorRefinementBoundary.lean:152:0: 'ProofScriptKernelEquivalence.KernelV71TSNestedPreprocessorRefinementBoundary.k3OverallProgress_percent' does not depend on any axioms
info: ProofScriptKernelEquivalence/KernelV71TSNestedPreprocessorRefinementBoundary.lean:153:0: 'ProofScriptKernelEquivalence.KernelV71TSNestedPreprocessorRefinementBoundary.inheritedNestedPreprocessingProgress_prior' does not depend on any axioms
info: ProofScriptKernelEquivalence/KernelV71TSNestedPreprocessorRefinementBoundary.lean:154:0: 'ProofScriptKernelEquivalence.KernelV71TSNestedPreprocessorRefinementBoundary.implementationTrace_nestedBoundary_sound' depends on axioms: [propext,
 Quot.sound]
info: ProofScriptKernelEquivalence/KernelV71TSNestedPreprocessorRefinementBoundary.lean:155:0: 'ProofScriptKernelEquivalence.KernelV71TSNestedPreprocessorRefinementBoundary.implementationTrace_exactLeanMarker' depends on axioms: [propext]
info: ProofScriptKernelEquivalence/KernelV71TSNestedPreprocessorRefinementBoundary.lean:156:0: 'ProofScriptKernelEquivalence.KernelV71TSNestedPreprocessorRefinementBoundary.implementationTrace_atomicCommitMarker' depends on axioms: [propext]
info: ProofScriptKernelEquivalence/KernelV71TSNestedPreprocessorRefinementBoundary.lean:157:0: 'ProofScriptKernelEquivalence.KernelV71TSNestedPreprocessorRefinementBoundary.v71TSNestedPreprocessorRefinementBoundary_sound' depends on axioms: [propext,
 Quot.sound]
ℹ [41/44] Built ProofScriptKernelEquivalence.KernelV71PositivityCompletenessBoundary (850ms)
info: ProofScriptKernelEquivalence/KernelV71PositivityCompletenessBoundary.lean:161:0: 'ProofScriptKernelEquivalence.KernelV71PositivityCompletenessBoundary.completedPositivitySlices_count' does not depend on any axioms
info: ProofScriptKernelEquivalence/KernelV71PositivityCompletenessBoundary.lean:162:0: 'ProofScriptKernelEquivalence.KernelV71PositivityCompletenessBoundary.outstandingPositivityObligations_count' does not depend on any axioms
info: ProofScriptKernelEquivalence/KernelV71PositivityCompletenessBoundary.lean:163:0: 'ProofScriptKernelEquivalence.KernelV71PositivityCompletenessBoundary.k3OverallProgress_percent' does not depend on any axioms
info: ProofScriptKernelEquivalence/KernelV71PositivityCompletenessBoundary.lean:164:0: 'ProofScriptKernelEquivalence.KernelV71PositivityCompletenessBoundary.inheritedTSNestedPreprocessorProgress_prior' does not depend on any axioms
info: ProofScriptKernelEquivalence/KernelV71PositivityCompletenessBoundary.lean:165:0: 'ProofScriptKernelEquivalence.KernelV71PositivityCompletenessBoundary.directStrictPositiveTranslation_boundary' depends on axioms: [propext]
info: ProofScriptKernelEquivalence/KernelV71PositivityCompletenessBoundary.lean:166:0: 'ProofScriptKernelEquivalence.KernelV71PositivityCompletenessBoundary.indexedStrictPositiveTranslation_boundary' depends on axioms: [propext,
 Quot.sound]
info: ProofScriptKernelEquivalence/KernelV71PositivityCompletenessBoundary.lean:167:0: 'ProofScriptKernelEquivalence.KernelV71PositivityCompletenessBoundary.tsNestedPreprocessorBoundary_inherited' depends on axioms: [propext,
 Quot.sound]
info: ProofScriptKernelEquivalence/KernelV71PositivityCompletenessBoundary.lean:168:0: 'ProofScriptKernelEquivalence.KernelV71PositivityCompletenessBoundary.v71PositivityCompletenessBoundary_sound' depends on axioms: [propext,
 Quot.sound]
ℹ [42/44] Built ProofScriptKernelEquivalence.KernelV71StoredRecursorRHSReconstructionBoundary (1.3s)
info: ProofScriptKernelEquivalence/KernelV71StoredRecursorRHSReconstructionBoundary.lean:241:0: 'ProofScriptKernelEquivalence.KernelV71StoredRecursorRHSReconstructionBoundary.completedStoredRHSSlices_count' does not depend on any axioms
info: ProofScriptKernelEquivalence/KernelV71StoredRecursorRHSReconstructionBoundary.lean:242:0: 'ProofScriptKernelEquivalence.KernelV71StoredRecursorRHSReconstructionBoundary.outstandingStoredRHSObligations_count' does not depend on any axioms
info: ProofScriptKernelEquivalence/KernelV71StoredRecursorRHSReconstructionBoundary.lean:243:0: 'ProofScriptKernelEquivalence.KernelV71StoredRecursorRHSReconstructionBoundary.k3OverallProgress_percent' does not depend on any axioms
info: ProofScriptKernelEquivalence/KernelV71StoredRecursorRHSReconstructionBoundary.lean:244:0: 'ProofScriptKernelEquivalence.KernelV71StoredRecursorRHSReconstructionBoundary.storedRHSRule_rhs_toLean' depends on axioms: [propext]
info: ProofScriptKernelEquivalence/KernelV71StoredRecursorRHSReconstructionBoundary.lean:245:0: 'ProofScriptKernelEquivalence.KernelV71StoredRecursorRHSReconstructionBoundary.storedRHSRule_toLean_corresponds' depends on axioms: [propext]
info: ProofScriptKernelEquivalence/KernelV71StoredRecursorRHSReconstructionBoundary.lean:246:0: 'ProofScriptKernelEquivalence.KernelV71StoredRecursorRHSReconstructionBoundary.allStoredRHSRules_toLean_correspond' depends on axioms: [propext]
info: ProofScriptKernelEquivalence/KernelV71StoredRecursorRHSReconstructionBoundary.lean:247:0: 'ProofScriptKernelEquivalence.KernelV71StoredRecursorRHSReconstructionBoundary.inheritedPositivityProgress_prior' does not depend on any axioms
info: ProofScriptKernelEquivalence/KernelV71StoredRecursorRHSReconstructionBoundary.lean:248:0: 'ProofScriptKernelEquivalence.KernelV71StoredRecursorRHSReconstructionBoundary.linkedRHSBoundary_inherited' depends on axioms: [propext,
 Quot.sound]
info: ProofScriptKernelEquivalence/KernelV71StoredRecursorRHSReconstructionBoundary.lean:249:0: 'ProofScriptKernelEquivalence.KernelV71StoredRecursorRHSReconstructionBoundary.v71StoredRecursorRHSReconstructionBoundary_sound' depends on axioms: [propext,
 Quot.sound]
ℹ [43/44] Built ProofScriptKernelEquivalence.KernelV71KernelTSSemanticsBoundary (997ms)
info: ProofScriptKernelEquivalence/KernelV71KernelTSSemanticsBoundary.lean:189:0: 'ProofScriptKernelEquivalence.KernelV71KernelTSSemanticsBoundary.completedKernelTSSlices_count' does not depend on any axioms
info: ProofScriptKernelEquivalence/KernelV71KernelTSSemanticsBoundary.lean:190:0: 'ProofScriptKernelEquivalence.KernelV71KernelTSSemanticsBoundary.outstandingKernelTSObligations_count' does not depend on any axioms
info: ProofScriptKernelEquivalence/KernelV71KernelTSSemanticsBoundary.lean:191:0: 'ProofScriptKernelEquivalence.KernelV71KernelTSSemanticsBoundary.k3OverallProgress_percent' does not depend on any axioms
info: ProofScriptKernelEquivalence/KernelV71KernelTSSemanticsBoundary.lean:192:0: 'ProofScriptKernelEquivalence.KernelV71KernelTSSemanticsBoundary.inheritedStoredRHSProgress_prior' does not depend on any axioms
info: ProofScriptKernelEquivalence/KernelV71KernelTSSemanticsBoundary.lean:193:0: 'ProofScriptKernelEquivalence.KernelV71KernelTSSemanticsBoundary.inheritedPositivityProgress_prior' does not depend on any axioms
info: ProofScriptKernelEquivalence/KernelV71KernelTSSemanticsBoundary.lean:194:0: 'ProofScriptKernelEquivalence.KernelV71KernelTSSemanticsBoundary.inheritedClassifierImplementation_noMissing' does not depend on any axioms
info: ProofScriptKernelEquivalence/KernelV71KernelTSSemanticsBoundary.lean:195:0: 'ProofScriptKernelEquivalence.KernelV71KernelTSSemanticsBoundary.inheritedClassifierImplementation_noFailures' does not depend on any axioms
info: ProofScriptKernelEquivalence/KernelV71KernelTSSemanticsBoundary.lean:196:0: 'ProofScriptKernelEquivalence.KernelV71KernelTSSemanticsBoundary.inheritedNestedPreprocessorTrace_sound' depends on axioms: [propext,
 Quot.sound]
info: ProofScriptKernelEquivalence/KernelV71KernelTSSemanticsBoundary.lean:197:0: 'ProofScriptKernelEquivalence.KernelV71KernelTSSemanticsBoundary.inheritedPositivityBoundary_sound' depends on axioms: [propext,
 Quot.sound]
info: ProofScriptKernelEquivalence/KernelV71KernelTSSemanticsBoundary.lean:198:0: 'ProofScriptKernelEquivalence.KernelV71KernelTSSemanticsBoundary.inheritedStoredRHSBoundary_sound' depends on axioms: [propext,
 Quot.sound]
info: ProofScriptKernelEquivalence/KernelV71KernelTSSemanticsBoundary.lean:199:0: 'ProofScriptKernelEquivalence.KernelV71KernelTSSemanticsBoundary.v71KernelTSSemanticsBoundary_sound' depends on axioms: [propext,
 Quot.sound]
ℹ [44/44] Built ProofScriptKernelEquivalence.KernelV71KernelTSSmallStepExecutionBoundary (857ms)
info: ProofScriptKernelEquivalence/KernelV71KernelTSSmallStepExecutionBoundary.lean:215:0: 'ProofScriptKernelEquivalence.KernelV71KernelTSSmallStepExecutionBoundary.completedKernelTSSmallStepSlices_count' does not depend on any axioms
info: ProofScriptKernelEquivalence/KernelV71KernelTSSmallStepExecutionBoundary.lean:216:0: 'ProofScriptKernelEquivalence.KernelV71KernelTSSmallStepExecutionBoundary.outstandingKernelTSSmallStepObligations_count' does not depend on any axioms
info: ProofScriptKernelEquivalence/KernelV71KernelTSSmallStepExecutionBoundary.lean:217:0: 'ProofScriptKernelEquivalence.KernelV71KernelTSSmallStepExecutionBoundary.k3OverallProgress_percent' does not depend on any axioms
info: ProofScriptKernelEquivalence/KernelV71KernelTSSmallStepExecutionBoundary.lean:218:0: 'ProofScriptKernelEquivalence.KernelV71KernelTSSmallStepExecutionBoundary.inheritedKernelTSSemanticsProgress_prior' does not depend on any axioms
info: ProofScriptKernelEquivalence/KernelV71KernelTSSmallStepExecutionBoundary.lean:219:0: 'ProofScriptKernelEquivalence.KernelV71KernelTSSmallStepExecutionBoundary.smallStep_toLean' depends on axioms: [propext]
info: ProofScriptKernelEquivalence/KernelV71KernelTSSmallStepExecutionBoundary.lean:220:0: 'ProofScriptKernelEquivalence.KernelV71KernelTSSmallStepExecutionBoundary.smallSteps_toLean' depends on axioms: [propext]
info: ProofScriptKernelEquivalence/KernelV71KernelTSSmallStepExecutionBoundary.lean:221:0: 'ProofScriptKernelEquivalence.KernelV71KernelTSSmallStepExecutionBoundary.inheritedKernelTSSemanticsBoundary_sound' depends on axioms: [propext,
 Quot.sound]
info: ProofScriptKernelEquivalence/KernelV71KernelTSSmallStepExecutionBoundary.lean:222:0: 'ProofScriptKernelEquivalence.KernelV71KernelTSSmallStepExecutionBoundary.v71KernelTSSmallStepExecutionBoundary_sound' depends on axioms: [propext,
 Quot.sound]
Build completed successfully (44 jobs).
info: proofScriptKernelEquivalence: no previous manifest, creating one from scratch
info: toolchain not updated; no toolchain information found
