TARGET=ProofScriptKernelEquivalence.KernelV71K3TBReleaseCandidate
LEAN=Lean (version 4.33.1, x86_64-unknown-linux-gnu, commit 819816b2e0a3bf405af45ae5c7af2491d8f5bee6, Release)
SOURCE=assurance/lean4331/formal/ProofScriptKernelEquivalence/KernelV71K3TBReleaseCandidate.lean
SOURCE_SHA256=f43ccfeaf534638ae0f1ec2597375ec10522ff1517e7bbde22c7229352d0e701

ℹ [2/3] Built ProofScriptKernelEquivalence.KernelV71TrustedBoundaryK3Decision (751ms)
info: ProofScriptKernelEquivalence/KernelV71TrustedBoundaryK3Decision.lean:193:0: 'ProofScriptKernelEquivalence.KernelV71TrustedBoundaryK3Decision.completedTrustedBoundarySlices_count' does not depend on any axioms
info: ProofScriptKernelEquivalence/KernelV71TrustedBoundaryK3Decision.lean:194:0: 'ProofScriptKernelEquivalence.KernelV71TrustedBoundaryK3Decision.trustedInfrastructureAssumptions_count' does not depend on any axioms
info: ProofScriptKernelEquivalence/KernelV71TrustedBoundaryK3Decision.lean:195:0: 'ProofScriptKernelEquivalence.KernelV71TrustedBoundaryK3Decision.fullyFormalK3RemainingObligations_count' does not depend on any axioms
info: ProofScriptKernelEquivalence/KernelV71TrustedBoundaryK3Decision.lean:196:0: 'ProofScriptKernelEquivalence.KernelV71TrustedBoundaryK3Decision.k3EngineeringProgress_basisPoints' does not depend on any axioms
info: ProofScriptKernelEquivalence/KernelV71TrustedBoundaryK3Decision.lean:197:0: 'ProofScriptKernelEquivalence.KernelV71TrustedBoundaryK3Decision.selectedEngineeringRoute_isTrustedBoundary' does not depend on any axioms
info: ProofScriptKernelEquivalence/KernelV71TrustedBoundaryK3Decision.lean:198:0: 'ProofScriptKernelEquivalence.KernelV71TrustedBoundaryK3Decision.v71TrustedBoundaryK3Decision_sound' does not depend on any axioms
info: ProofScriptKernelEquivalence/KernelV71TrustedBoundaryK3Decision.lean:199:0: 'ProofScriptKernelEquivalence.KernelV71TrustedBoundaryK3Decision.v71TrustedBoundaryDecision_notFullyFormalK3' does not depend on any axioms
ℹ [3/3] Built ProofScriptKernelEquivalence.KernelV71K3TBReleaseCandidate (684ms)
info: ProofScriptKernelEquivalence/KernelV71K3TBReleaseCandidate.lean:229:0: 'ProofScriptKernelEquivalence.KernelV71K3TBReleaseCandidate.releaseLabel_isK3TrustedBoundary' does not depend on any axioms
info: ProofScriptKernelEquivalence/KernelV71K3TBReleaseCandidate.lean:230:0: 'ProofScriptKernelEquivalence.KernelV71K3TBReleaseCandidate.completedReleaseSlices_count' does not depend on any axioms
info: ProofScriptKernelEquivalence/KernelV71K3TBReleaseCandidate.lean:231:0: 'ProofScriptKernelEquivalence.KernelV71K3TBReleaseCandidate.requiredReleaseDocuments_count' does not depend on any axioms
info: ProofScriptKernelEquivalence/KernelV71K3TBReleaseCandidate.lean:232:0: 'ProofScriptKernelEquivalence.KernelV71K3TBReleaseCandidate.trustedAssumptions_count' does not depend on any axioms
info: ProofScriptKernelEquivalence/KernelV71K3TBReleaseCandidate.lean:233:0: 'ProofScriptKernelEquivalence.KernelV71K3TBReleaseCandidate.remainingFullFormalObligations_count' does not depend on any axioms
info: ProofScriptKernelEquivalence/KernelV71K3TBReleaseCandidate.lean:234:0: 'ProofScriptKernelEquivalence.KernelV71K3TBReleaseCandidate.k3TBEngineeringProgress_basisPoints' does not depend on any axioms
info: ProofScriptKernelEquivalence/KernelV71K3TBReleaseCandidate.lean:235:0: 'ProofScriptKernelEquivalence.KernelV71K3TBReleaseCandidate.progress_notInflatedBeyondTrustedBoundaryDecision' does not depend on any axioms
info: ProofScriptKernelEquivalence/KernelV71K3TBReleaseCandidate.lean:236:0: 'ProofScriptKernelEquivalence.KernelV71K3TBReleaseCandidate.v71K3TBReleaseCandidate_sound' does not depend on any axioms
info: ProofScriptKernelEquivalence/KernelV71K3TBReleaseCandidate.lean:237:0: 'ProofScriptKernelEquivalence.KernelV71K3TBReleaseCandidate.v71K3TBReleaseCandidate_notFullyFormalK3' does not depend on any axioms
Build completed successfully (3 jobs).
info: proofScriptKernelEquivalence: no previous manifest, creating one from scratch
info: toolchain not updated; no toolchain information found
